Running main() from /private/tmp/googletest-20260810-2279-a5yc4x/googletest-1.18.0/googletest/src/gtest_main.cc
Note: Google Test filter = MilkdropPresetException.*:MilkdropPresetFailureEventTest.*
[==========] Running 6 tests from 2 test suites.
[----------] Global test environment set-up.
[----------] 3 tests from MilkdropPresetException
[ RUN      ] MilkdropPresetException.LoadMessageSurvivesStandardExceptionHandler
[       OK ] MilkdropPresetException.LoadMessageSurvivesStandardExceptionHandler (0 ms)
[ RUN      ] MilkdropPresetException.CompileMessageSurvivesStandardExceptionHandler
[       OK ] MilkdropPresetException.CompileMessageSurvivesStandardExceptionHandler (0 ms)
[ RUN      ] MilkdropPresetException.FactoryMessageSurvivesStandardExceptionHandler
[       OK ] MilkdropPresetException.FactoryMessageSurvivesStandardExceptionHandler (0 ms)
[----------] 3 tests from MilkdropPresetException (0 ms total)

[----------] 3 tests from MilkdropPresetFailureEventTest
[ RUN      ] MilkdropPresetFailureEventTest.InvalidPresetDataReportsParseReason
[PresetFactory] Filename is URL: idle://Geiss & Sperl - Feedback (projectM idle HDR mix).milk
[       OK ] MilkdropPresetFailureEventTest.InvalidPresetDataReportsParseReason (82 ms)
[ RUN      ] MilkdropPresetFailureEventTest.InvalidPerFrameExpressionReportsCompileReason
[PresetFactory] Filename is URL: idle://Geiss & Sperl - Feedback (projectM idle HDR mix).milk
[       OK ] MilkdropPresetFailureEventTest.InvalidPerFrameExpressionReportsCompileReason (72 ms)
[ RUN      ] MilkdropPresetFailureEventTest.MissingPresetFileReportsPathAndParseReason
[PresetFactory] Filename is URL: idle://Geiss & Sperl - Feedback (projectM idle HDR mix).milk
[       OK ] MilkdropPresetFailureEventTest.MissingPresetFileReportsPathAndParseReason (70 ms)
[----------] 3 tests from MilkdropPresetFailureEventTest (225 ms total)

[----------] Global test environment tear-down
[==========] 6 tests from 2 test suites ran. (305 ms total)
[  PASSED  ] 6 tests.
