
> Configure project :core
WARNING: The following problems were found when resolving the SDK location:
Where: sdk.dir property in local.properties file. Problem: Directory does not exist


> Task :core:preBuild UP-TO-DATE
> Task :core:preReleaseBuild UP-TO-DATE
> Task :app:preBuild UP-TO-DATE
> Task :app:preDebugBuild UP-TO-DATE
> Task :app:mergeDebugNativeDebugMetadata NO-SOURCE
> Task :app:javaPreCompileDebug UP-TO-DATE
> Task :app:generateDebugResValues UP-TO-DATE
> Task :app:generateDebugResources UP-TO-DATE
> Task :app:packageDebugResources UP-TO-DATE
> Task :app:parseDebugLocalResources UP-TO-DATE
> Task :app:createDebugCompatibleScreenManifests UP-TO-DATE
> Task :app:extractDeepLinksDebug UP-TO-DATE
> Task :app:mergeDebugShaders UP-TO-DATE
> Task :app:compileDebugShaders NO-SOURCE
> Task :app:generateDebugAssets UP-TO-DATE
> Task :app:processDebugJavaRes NO-SOURCE
> Task :app:checkDebugDuplicateClasses UP-TO-DATE
> Task :app:desugarDebugFileDependencies UP-TO-DATE
> Task :app:mergeExtDexDebug UP-TO-DATE
> Task :app:mergeDebugJniLibFolders UP-TO-DATE
> Task :app:validateSigningDebug UP-TO-DATE
> Task :app:writeDebugAppMetadata UP-TO-DATE
> Task :app:writeDebugSigningConfigVersions UP-TO-DATE
> Task :app:preDebugUnitTestBuild UP-TO-DATE
> Task :app:javaPreCompileDebugUnitTest UP-TO-DATE
> Task :app:processDebugUnitTestJavaRes NO-SOURCE
> Task :core:configureCMakeRelWithDebInfo[arm64-v8a]
> Task :core:buildCMakeRelWithDebInfo[arm64-v8a]
> Task :core:configureCMakeRelWithDebInfo[armeabi-v7a]
> Task :core:buildCMakeRelWithDebInfo[armeabi-v7a]
> Task :core:mergeReleaseJniLibFolders UP-TO-DATE
> Task :core:generateReleaseResValues UP-TO-DATE
> Task :core:extractDeepLinksForAarRelease UP-TO-DATE
> Task :core:generateReleaseBuildConfig UP-TO-DATE
> Task :core:generateReleaseResources UP-TO-DATE
> Task :core:packageReleaseResources UP-TO-DATE
> Task :core:parseReleaseLocalResources UP-TO-DATE
> Task :core:generateReleaseRFile UP-TO-DATE
> Task :core:extractReleaseAnnotations UP-TO-DATE
> Task :core:mergeReleaseNativeLibs
> Task :core:mergeReleaseShaders UP-TO-DATE
> Task :core:compileReleaseShaders NO-SOURCE
> Task :core:generateReleaseAssets UP-TO-DATE
> Task :core:stripReleaseDebugSymbols
> Task :core:mergeReleaseAssets UP-TO-DATE
> Task :core:javaPreCompileRelease UP-TO-DATE
> Task :core:copyReleaseJniLibsProjectAndLocalJars
> Task :core:compileReleaseJavaWithJavac UP-TO-DATE
> Task :core:mergeReleaseGeneratedProguardFiles UP-TO-DATE
> Task :core:mergeReleaseConsumerProguardFiles UP-TO-DATE
> Task :core:prepareLintJarForPublish UP-TO-DATE
> Task :core:prepareReleaseArtProfile UP-TO-DATE
> Task :core:processReleaseManifest UP-TO-DATE
> Task :core:processReleaseJavaRes NO-SOURCE
> Task :core:mergeReleaseJavaResource UP-TO-DATE
> Task :core:syncReleaseLibJars UP-TO-DATE
> Task :core:writeReleaseAarMetadata UP-TO-DATE
> Task :core:bundleReleaseAar
> Task :core:mapReleaseSourceSetPaths UP-TO-DATE
> Task :core:mergeReleaseResources UP-TO-DATE
> Task :core:verifyReleaseResources UP-TO-DATE
> Task :core:assembleRelease
> Task :core:preDebugBuild UP-TO-DATE
> Task :core:configureCMakeDebug[arm64-v8a]
> Task :core:buildCMakeDebug[arm64-v8a]
> Task :core:configureCMakeDebug[armeabi-v7a]
> Task :core:buildCMakeDebug[armeabi-v7a]
> Task :core:mergeDebugJniLibFolders UP-TO-DATE
> Task :core:generateDebugBuildConfig UP-TO-DATE
> Task :core:generateDebugResValues UP-TO-DATE
> Task :core:generateDebugResources UP-TO-DATE
> Task :core:packageDebugResources UP-TO-DATE
> Task :app:mapDebugSourceSetPaths UP-TO-DATE
> Task :core:parseDebugLocalResources UP-TO-DATE
> Task :core:generateDebugRFile UP-TO-DATE
> Task :core:extractDebugAnnotations UP-TO-DATE
> Task :core:extractDeepLinksForAarDebug UP-TO-DATE
> Task :core:mergeDebugShaders UP-TO-DATE
> Task :core:compileDebugShaders NO-SOURCE
> Task :core:generateDebugAssets UP-TO-DATE
> Task :app:mergeDebugResources UP-TO-DATE
> Task :core:mergeDebugNativeLibs
> Task :core:mergeDebugAssets UP-TO-DATE
> Task :app:mergeDebugAssets UP-TO-DATE
> Task :core:javaPreCompileDebug UP-TO-DATE
> Task :core:compileDebugJavaWithJavac UP-TO-DATE
> Task :core:mergeDebugGeneratedProguardFiles UP-TO-DATE
> Task :core:mergeDebugConsumerProguardFiles UP-TO-DATE
> Task :core:prepareDebugArtProfile UP-TO-DATE
> Task :core:processDebugManifest UP-TO-DATE
> Task :core:processDebugJavaRes NO-SOURCE
> Task :core:mergeDebugJavaResource UP-TO-DATE
> Task :core:syncDebugLibJars UP-TO-DATE
> Task :core:writeDebugAarMetadata UP-TO-DATE
> Task :core:extractDeepLinksDebug UP-TO-DATE
> Task :core:compileDebugLibraryResources UP-TO-DATE
> Task :core:bundleLibCompileToJarDebug UP-TO-DATE
> Task :core:bundleLibRuntimeToJarDebug UP-TO-DATE
> Task :core:preDebugUnitTestBuild UP-TO-DATE
> Task :core:generateDebugUnitTestStubRFile UP-TO-DATE
> Task :core:stripDebugDebugSymbols
> Task :core:copyDebugJniLibsProjectOnly
> Task :core:javaPreCompileDebugUnitTest UP-TO-DATE
> Task :core:compileDebugUnitTestJavaWithJavac UP-TO-DATE
> Task :core:processDebugUnitTestJavaRes NO-SOURCE
> Task :core:copyDebugJniLibsProjectAndLocalJars
> Task :core:testDebugUnitTest UP-TO-DATE
> Task :app:compressDebugAssets UP-TO-DATE
> Task :app:checkDebugAarMetadata UP-TO-DATE
> Task :app:processDebugMainManifest UP-TO-DATE
> Task :app:processDebugManifest UP-TO-DATE
> Task :app:processDebugManifestForPackage UP-TO-DATE
> Task :app:processDebugResources UP-TO-DATE
> Task :app:compileDebugJavaWithJavac UP-TO-DATE
> Task :app:mergeDebugJavaResource UP-TO-DATE
> Task :app:mergeLibDexDebug UP-TO-DATE
> Task :app:dexBuilderDebug UP-TO-DATE
> Task :app:mergeProjectDexDebug UP-TO-DATE
> Task :app:bundleDebugClassesToRuntimeJar UP-TO-DATE
> Task :app:bundleDebugClassesToCompileJar UP-TO-DATE
> Task :app:compileDebugUnitTestJavaWithJavac UP-TO-DATE
> Task :app:testDebugUnitTest UP-TO-DATE
> Task :app:mergeDebugNativeLibs
> Task :app:stripDebugDebugSymbols
> Task :app:packageDebug
> Task :app:createDebugApkListingFileRedirect UP-TO-DATE
> Task :app:assembleDebug
> Task :core:bundleDebugAar
> Task :core:assembleDebug

[Incubating] Problems report is available at: file:///Users/jneerdael/Scripts/Projectm-TV/.worktrees/live-native-controls/build/reports/problems/problems-report.html

Deprecated Gradle features were used in this build, making it incompatible with Gradle 9.0.

You can use '--warning-mode all' to show the individual deprecation warnings and determine if they come from your own scripts or plugins.

For more on this, please refer to https://docs.gradle.org/8.14.2/userguide/command_line_interface.html#sec:command_line_warnings in the Gradle documentation.

BUILD SUCCESSFUL in 16s
107 actionable tasks: 20 executed, 87 up-to-date
