
> Configure project :core
WARNING: The following problems were found when resolving the SDK location:
Where: sdk.dir property in local.properties file. Problem: Directory does not exist


> Task :core:preBuild UP-TO-DATE
> Task :core:preDebugBuild UP-TO-DATE
> Task :core:configureCMakeDebug[arm64-v8a]

> Task :core:buildCMakeDebug[arm64-v8a]
C/C++: ninja: Entering directory `/Users/jneerdael/Scripts/Projectm-TV/.worktrees/live-native-controls/core/.cxx/Debug/g2hz395u/arm64-v8a'
C/C++: /Users/jneerdael/Scripts/Projectm-TV/.worktrees/live-native-controls/third_party/projectm/vendor/hlslparser/src/GLSLGenerator.cpp:798:45: warning: data argument not used by format string [-Wformat-extra-args]
C/C++:   798 |                         m_writer.Write(",", op);
C/C++:       |                                        ~~~  ^
C/C++: 1 warning generated.
C/C++: /Users/jneerdael/Scripts/Projectm-TV/.worktrees/live-native-controls/third_party/projectm/src/libprojectM/Renderer/Framebuffer.cpp:341:38: warning: unused parameter 'bufferIndex' [-Wunused-parameter]
C/C++:   341 | void Framebuffer::MaskDrawBuffer(int bufferIndex, bool masked)
C/C++:       |                                      ^
C/C++: 1 warning generated.
C/C++: In file included from /Users/jneerdael/Scripts/Projectm-TV/.worktrees/live-native-controls/third_party/projectm/src/libprojectM/MilkdropPreset/Factory.cpp:4:
C/C++: In file included from /Users/jneerdael/Scripts/Projectm-TV/.worktrees/live-native-controls/third_party/projectm/src/libprojectM/MilkdropPreset/MilkdropPreset.hpp:34:
C/C++: /Users/jneerdael/Scripts/Projectm-TV/.worktrees/live-native-controls/third_party/projectm/src/libprojectM/MilkdropPreset/MotionVectors.hpp:33:10: warning: 'InitVertexAttrib' overrides a member function but is not marked 'override' [-Winconsistent-missing-override]
C/C++:    33 |     void InitVertexAttrib();
C/C++:       |          ^
C/C++: /Users/jneerdael/Scripts/Projectm-TV/.worktrees/live-native-controls/third_party/projectm/src/libprojectM/MilkdropPreset/../Renderer/RenderItem.hpp:109:18: note: overridden virtual function is here
C/C++:   109 |     virtual void InitVertexAttrib() = 0;
C/C++:       |                  ^
C/C++: 1 warning generated.
C/C++: In file included from /Users/jneerdael/Scripts/Projectm-TV/.worktrees/live-native-controls/third_party/projectm/src/libprojectM/MilkdropPreset/LineRenderer.cpp:1:
C/C++: /Users/jneerdael/Scripts/Projectm-TV/.worktrees/live-native-controls/third_party/projectm/src/libprojectM/MilkdropPreset/LineRenderer.hpp:105:10: warning: private field 'm_enabled' is not used [-Wunused-private-field]
C/C++:   105 |     bool m_enabled{false}; //!< This object enabled GL_PROGRAM_POINT_SIZE.
C/C++:       |          ^
C/C++: 1 warning generated.
C/C++: In file included from /Users/jneerdael/Scripts/Projectm-TV/.worktrees/live-native-controls/third_party/projectm/src/libprojectM/MilkdropPreset/IdlePreset.cpp:3:
C/C++: In file included from /Users/jneerdael/Scripts/Projectm-TV/.worktrees/live-native-controls/third_party/projectm/src/libprojectM/MilkdropPreset/MilkdropPreset.hpp:34:
C/C++: /Users/jneerdael/Scripts/Projectm-TV/.worktrees/live-native-controls/third_party/projectm/src/libprojectM/MilkdropPreset/MotionVectors.hpp:33:10: warning: 'InitVertexAttrib' overrides a member function but is not marked 'override' [-Winconsistent-missing-override]
C/C++:    33 |     void InitVertexAttrib();
C/C++:       |          ^
C/C++: /Users/jneerdael/Scripts/Projectm-TV/.worktrees/live-native-controls/third_party/projectm/src/libprojectM/MilkdropPreset/../Renderer/RenderItem.hpp:109:18: note: overridden virtual function is here
C/C++:   109 |     virtual void InitVertexAttrib() = 0;
C/C++:       |                  ^
C/C++: 1 warning generated.
C/C++: In file included from /Users/jneerdael/Scripts/Projectm-TV/.worktrees/live-native-controls/third_party/projectm/src/libprojectM/MilkdropPreset/MotionVectors.cpp:1:
C/C++: /Users/jneerdael/Scripts/Projectm-TV/.worktrees/live-native-controls/third_party/projectm/src/libprojectM/MilkdropPreset/MotionVectors.hpp:33:10: warning: 'InitVertexAttrib' overrides a member function but is not marked 'override' [-Winconsistent-missing-override]
C/C++:    33 |     void InitVertexAttrib();
C/C++:       |          ^
C/C++: /Users/jneerdael/Scripts/Projectm-TV/.worktrees/live-native-controls/third_party/projectm/src/libprojectM/MilkdropPreset/../Renderer/RenderItem.hpp:109:18: note: overridden virtual function is here
C/C++:   109 |     virtual void InitVertexAttrib() = 0;
C/C++:       |                  ^
C/C++: 1 warning generated.
C/C++: In file included from /Users/jneerdael/Scripts/Projectm-TV/.worktrees/live-native-controls/third_party/projectm/src/libprojectM/MilkdropPreset/MilkdropPreset.cpp:22:
C/C++: In file included from /Users/jneerdael/Scripts/Projectm-TV/.worktrees/live-native-controls/third_party/projectm/src/libprojectM/MilkdropPreset/MilkdropPreset.hpp:34:
C/C++: /Users/jneerdael/Scripts/Projectm-TV/.worktrees/live-native-controls/third_party/projectm/src/libprojectM/MilkdropPreset/MotionVectors.hpp:33:10: warning: 'InitVertexAttrib' overrides a member function but is not marked 'override' [-Winconsistent-missing-override]
C/C++:    33 |     void InitVertexAttrib();
C/C++:       |          ^
C/C++: /Users/jneerdael/Scripts/Projectm-TV/.worktrees/live-native-controls/third_party/projectm/src/libprojectM/MilkdropPreset/../Renderer/RenderItem.hpp:109:18: note: overridden virtual function is here
C/C++:   109 |     virtual void InitVertexAttrib() = 0;
C/C++:       |                  ^
C/C++: 1 warning generated.
C/C++: In file included from /Users/jneerdael/Scripts/Projectm-TV/.worktrees/live-native-controls/third_party/projectm/src/libprojectM/MilkdropPreset/Waveform.cpp:1:
C/C++: /Users/jneerdael/Scripts/Projectm-TV/.worktrees/live-native-controls/third_party/projectm/src/libprojectM/MilkdropPreset/Waveform.hpp:50:9: warning: private field 'm_samples' is not used [-Wunused-private-field]
C/C++:    50 |     int m_samples{};         //!< Number of samples in the current waveform. Depends on the mode.
C/C++:       |         ^
C/C++: 1 warning generated.

> Task :core:configureCMakeDebug[armeabi-v7a]

> Task :core:buildCMakeDebug[armeabi-v7a]
C/C++: ninja: Entering directory `/Users/jneerdael/Scripts/Projectm-TV/.worktrees/live-native-controls/core/.cxx/Debug/g2hz395u/armeabi-v7a'
C/C++: /Users/jneerdael/Scripts/Projectm-TV/.worktrees/live-native-controls/third_party/projectm/vendor/hlslparser/src/GLSLGenerator.cpp:798:45: warning: data argument not used by format string [-Wformat-extra-args]
C/C++:   798 |                         m_writer.Write(",", op);
C/C++:       |                                        ~~~  ^
C/C++: 1 warning generated.
C/C++: In file included from /Users/jneerdael/Scripts/Projectm-TV/.worktrees/live-native-controls/third_party/projectm/src/libprojectM/MilkdropPreset/LineRenderer.cpp:1:
C/C++: /Users/jneerdael/Scripts/Projectm-TV/.worktrees/live-native-controls/third_party/projectm/src/libprojectM/MilkdropPreset/LineRenderer.hpp:105:10: warning: private field 'm_enabled' is not used [-Wunused-private-field]
C/C++:   105 |     bool m_enabled{false}; //!< This object enabled GL_PROGRAM_POINT_SIZE.
C/C++:       |          ^
C/C++: 1 warning generated.
C/C++: In file included from /Users/jneerdael/Scripts/Projectm-TV/.worktrees/live-native-controls/third_party/projectm/src/libprojectM/MilkdropPreset/MilkdropPreset.cpp:22:
C/C++: In file included from /Users/jneerdael/Scripts/Projectm-TV/.worktrees/live-native-controls/third_party/projectm/src/libprojectM/MilkdropPreset/MilkdropPreset.hpp:34:
C/C++: /Users/jneerdael/Scripts/Projectm-TV/.worktrees/live-native-controls/third_party/projectm/src/libprojectM/MilkdropPreset/MotionVectors.hpp:33:10: warning: 'InitVertexAttrib' overrides a member function but is not marked 'override' [-Winconsistent-missing-override]
C/C++:    33 |     void InitVertexAttrib();
C/C++:       |          ^
C/C++: /Users/jneerdael/Scripts/Projectm-TV/.worktrees/live-native-controls/third_party/projectm/src/libprojectM/MilkdropPreset/../Renderer/RenderItem.hpp:109:18: note: overridden virtual function is here
C/C++:   109 |     virtual void InitVertexAttrib() = 0;
C/C++:       |                  ^
C/C++: 1 warning generated.
C/C++: In file included from /Users/jneerdael/Scripts/Projectm-TV/.worktrees/live-native-controls/third_party/projectm/src/libprojectM/MilkdropPreset/Factory.cpp:4:
C/C++: In file included from /Users/jneerdael/Scripts/Projectm-TV/.worktrees/live-native-controls/third_party/projectm/src/libprojectM/MilkdropPreset/MilkdropPreset.hpp:34:
C/C++: /Users/jneerdael/Scripts/Projectm-TV/.worktrees/live-native-controls/third_party/projectm/src/libprojectM/MilkdropPreset/MotionVectors.hpp:33:10: warning: 'InitVertexAttrib' overrides a member function but is not marked 'override' [-Winconsistent-missing-override]
C/C++:    33 |     void InitVertexAttrib();
C/C++:       |          ^
C/C++: /Users/jneerdael/Scripts/Projectm-TV/.worktrees/live-native-controls/third_party/projectm/src/libprojectM/MilkdropPreset/../Renderer/RenderItem.hpp:109:18: note: overridden virtual function is here
C/C++:   109 |     virtual void InitVertexAttrib() = 0;
C/C++:       |                  ^
C/C++: 1 warning generated.
C/C++: In file included from /Users/jneerdael/Scripts/Projectm-TV/.worktrees/live-native-controls/third_party/projectm/src/libprojectM/MilkdropPreset/IdlePreset.cpp:3:
C/C++: In file included from /Users/jneerdael/Scripts/Projectm-TV/.worktrees/live-native-controls/third_party/projectm/src/libprojectM/MilkdropPreset/MilkdropPreset.hpp:34:
C/C++: /Users/jneerdael/Scripts/Projectm-TV/.worktrees/live-native-controls/third_party/projectm/src/libprojectM/MilkdropPreset/MotionVectors.hpp:33:10: warning: 'InitVertexAttrib' overrides a member function but is not marked 'override' [-Winconsistent-missing-override]
C/C++:    33 |     void InitVertexAttrib();
C/C++:       |          ^
C/C++: /Users/jneerdael/Scripts/Projectm-TV/.worktrees/live-native-controls/third_party/projectm/src/libprojectM/MilkdropPreset/../Renderer/RenderItem.hpp:109:18: note: overridden virtual function is here
C/C++:   109 |     virtual void InitVertexAttrib() = 0;
C/C++:       |                  ^
C/C++: 1 warning generated.
C/C++: In file included from /Users/jneerdael/Scripts/Projectm-TV/.worktrees/live-native-controls/third_party/projectm/src/libprojectM/MilkdropPreset/MotionVectors.cpp:1:
C/C++: /Users/jneerdael/Scripts/Projectm-TV/.worktrees/live-native-controls/third_party/projectm/src/libprojectM/MilkdropPreset/MotionVectors.hpp:33:10: warning: 'InitVertexAttrib' overrides a member function but is not marked 'override' [-Winconsistent-missing-override]
C/C++:    33 |     void InitVertexAttrib();
C/C++:       |          ^
C/C++: /Users/jneerdael/Scripts/Projectm-TV/.worktrees/live-native-controls/third_party/projectm/src/libprojectM/MilkdropPreset/../Renderer/RenderItem.hpp:109:18: note: overridden virtual function is here
C/C++:   109 |     virtual void InitVertexAttrib() = 0;
C/C++:       |                  ^
C/C++: 1 warning generated.
C/C++: In file included from /Users/jneerdael/Scripts/Projectm-TV/.worktrees/live-native-controls/third_party/projectm/src/libprojectM/MilkdropPreset/Waveform.cpp:1:
C/C++: /Users/jneerdael/Scripts/Projectm-TV/.worktrees/live-native-controls/third_party/projectm/src/libprojectM/MilkdropPreset/Waveform.hpp:50:9: warning: private field 'm_samples' is not used [-Wunused-private-field]
C/C++:    50 |     int m_samples{};         //!< Number of samples in the current waveform. Depends on the mode.
C/C++:       |         ^
C/C++: 1 warning generated.
C/C++: /Users/jneerdael/Scripts/Projectm-TV/.worktrees/live-native-controls/third_party/projectm/src/libprojectM/Renderer/Framebuffer.cpp:341:38: warning: unused parameter 'bufferIndex' [-Wunused-parameter]
C/C++:   341 | void Framebuffer::MaskDrawBuffer(int bufferIndex, bool masked)
C/C++:       |                                      ^
C/C++: 1 warning generated.

> Task :core:mergeDebugJniLibFolders
> Task :core:generateDebugBuildConfig
> Task :core:generateDebugResValues
> Task :core:generateDebugResources
> Task :core:packageDebugResources
> Task :core:extractDeepLinksForAarDebug
> Task :core:mergeDebugShaders
> Task :core:compileDebugShaders NO-SOURCE
> Task :core:generateDebugAssets UP-TO-DATE
> Task :core:mergeDebugNativeLibs
> Task :core:parseDebugLocalResources
> Task :core:mergeDebugAssets
> Task :core:prepareDebugArtProfile
> Task :core:prepareLintJarForPublish
> Task :core:generateDebugRFile
> Task :core:javaPreCompileDebug
> Task :core:processDebugManifest
> Task :core:extractDebugAnnotations
> Task :core:stripDebugDebugSymbols

> Task :core:compileDebugJavaWithJavac
Java compiler version 21 has deprecated support for compiling with source/target version 8.
Try one of the following options:
    1. [Recommended] Use Java toolchain with a lower language version
    2. Set a higher source/target version
    3. Use a lower version of the JDK running the build (if you're not using Java toolchain)
For more details on how to configure these settings, see https://developer.android.com/build/jdks.
To suppress this warning, set android.javaCompile.suppressSourceTargetDeprecationWarning=true in gradle.properties.
warning: [options] source value 8 is obsolete and will be removed in a future release
warning: [options] target value 8 is obsolete and will be removed in a future release
warning: [options] To suppress warnings about obsolete options, use -Xlint:-options.
Note: Some input files use or override a deprecated API.
Note: Recompile with -Xlint:deprecation for details.
3 warnings

> Task :core:mergeDebugGeneratedProguardFiles
> Task :core:mergeDebugConsumerProguardFiles
> Task :core:processDebugJavaRes NO-SOURCE
> Task :core:writeDebugAarMetadata
> Task :core:mergeDebugJavaResource
> Task :core:copyDebugJniLibsProjectAndLocalJars
> Task :core:syncDebugLibJars
> Task :core:bundleDebugAar
> Task :core:assembleDebug

[Incubating] Problems report is available at: file:///Users/jneerdael/Scripts/Projectm-TV/.worktrees/live-native-controls/build/reports/problems/problems-report.html

Deprecated Gradle features were used in this build, making it incompatible with Gradle 9.0.

You can use '--warning-mode all' to show the individual deprecation warnings and determine if they come from your own scripts or plugins.

For more on this, please refer to https://docs.gradle.org/8.14.2/userguide/command_line_interface.html#sec:command_line_warnings in the Gradle documentation.

BUILD SUCCESSFUL in 17s
29 actionable tasks: 29 executed
