projectM feedback diffusion: scale 4.000 exceeds kernel range; variance capped at 1.90 px^2
projectM feedback diffusion: scale 4.000 exceeds kernel range; variance capped at 1.90 px^2
renderer=Android Emulator OpenGL ES Translator (Apple M4 Pro) version=OpenGL ES 3.0 (4.1 Metal - 89.4)
original=319.milk trails=-1 frame=0 treb=0.5 darken=1 mode=0 dots=0 thick=0 additive=0
original=319.milk trails=-1 frame=1 treb=2 darken=0 mode=0 dots=0 thick=0 additive=0
original=319.milk trails=-1 frame=2 treb=0.5 darken=1 mode=0 dots=0 thick=0 additive=0
original=319.milk trails=-1 frame=3 treb=2 darken=0 mode=0 dots=0 thick=0 additive=0
original=319.milk trails=-1 frame=4 treb=0.5 darken=1 mode=0 dots=0 thick=0 additive=0
original=319.milk trails=-1 frame=5 treb=2 darken=0 mode=0 dots=0 thick=0 additive=0
original=Hexcollie - now entering the wormhole2 - mash0000 - if you like this, maybe you, like me, are insane.milk trails=-1 frame=0 treb=0.5 darken=0 mode=6 dots=0 thick=0 additive=1
original=Hexcollie - now entering the wormhole2 - mash0000 - if you like this, maybe you, like me, are insane.milk trails=-1 frame=1 treb=2 darken=0 mode=6 dots=0 thick=0 additive=1
original=Hexcollie - now entering the wormhole2 - mash0000 - if you like this, maybe you, like me, are insane.milk trails=-1 frame=2 treb=0.5 darken=0 mode=6 dots=0 thick=0 additive=1
original=Hexcollie - now entering the wormhole2 - mash0000 - if you like this, maybe you, like me, are insane.milk trails=-1 frame=3 treb=2 darken=0 mode=6 dots=0 thick=0 additive=1
original=Hexcollie - now entering the wormhole2 - mash0000 - if you like this, maybe you, like me, are insane.milk trails=-1 frame=4 treb=0.5 darken=0 mode=6 dots=0 thick=0 additive=1
original=Hexcollie - now entering the wormhole2 - mash0000 - if you like this, maybe you, like me, are insane.milk trails=-1 frame=5 treb=2 darken=0 mode=6 dots=0 thick=0 additive=1
original=idiot - Forty Six and 2 (pushit!).milk trails=-1 frame=0 treb=0.5 darken=0 mode=2 dots=1 thick=1 additive=1
original=idiot - Forty Six and 2 (pushit!).milk trails=-1 frame=1 treb=2 darken=0 mode=2 dots=1 thick=1 additive=1
original=idiot - Forty Six and 2 (pushit!).milk trails=-1 frame=2 treb=0.5 darken=0 mode=2 dots=1 thick=1 additive=1
original=idiot - Forty Six and 2 (pushit!).milk trails=-1 frame=3 treb=2 darken=0 mode=2 dots=1 thick=1 additive=1
original=idiot - Forty Six and 2 (pushit!).milk trails=-1 frame=4 treb=0.5 darken=0 mode=2 dots=1 thick=1 additive=1
original=idiot - Forty Six and 2 (pushit!).milk trails=-1 frame=5 treb=2 darken=0 mode=2 dots=1 thick=1 additive=1
original=319.milk trails=0 frame=0 treb=0.5 darken=1 mode=0 dots=0 thick=0 additive=0
original=319.milk trails=0 frame=1 treb=2 darken=0 mode=0 dots=0 thick=0 additive=0
original=319.milk trails=0 frame=2 treb=0.5 darken=1 mode=0 dots=0 thick=0 additive=0
original=319.milk trails=0 frame=3 treb=2 darken=0 mode=0 dots=0 thick=0 additive=0
original=319.milk trails=0 frame=4 treb=0.5 darken=1 mode=0 dots=0 thick=0 additive=0
original=319.milk trails=0 frame=5 treb=2 darken=0 mode=0 dots=0 thick=0 additive=0
original=Hexcollie - now entering the wormhole2 - mash0000 - if you like this, maybe you, like me, are insane.milk trails=0 frame=0 treb=0.5 darken=0 mode=0 dots=0 thick=0 additive=1
original=Hexcollie - now entering the wormhole2 - mash0000 - if you like this, maybe you, like me, are insane.milk trails=0 frame=1 treb=2 darken=0 mode=0 dots=0 thick=0 additive=1
original=Hexcollie - now entering the wormhole2 - mash0000 - if you like this, maybe you, like me, are insane.milk trails=0 frame=2 treb=0.5 darken=0 mode=0 dots=0 thick=0 additive=1
original=Hexcollie - now entering the wormhole2 - mash0000 - if you like this, maybe you, like me, are insane.milk trails=0 frame=3 treb=2 darken=0 mode=0 dots=0 thick=0 additive=1
original=Hexcollie - now entering the wormhole2 - mash0000 - if you like this, maybe you, like me, are insane.milk trails=0 frame=4 treb=0.5 darken=0 mode=0 dots=0 thick=0 additive=1
original=Hexcollie - now entering the wormhole2 - mash0000 - if you like this, maybe you, like me, are insane.milk trails=0 frame=5 treb=2 darken=0 mode=0 dots=0 thick=0 additive=1
original=idiot - Forty Six and 2 (pushit!).milk trails=0 frame=0 treb=0.5 darken=0 mode=2 dots=1 thick=1 additive=1
original=idiot - Forty Six and 2 (pushit!).milk trails=0 frame=1 treb=2 darken=0 mode=2 dots=1 thick=1 additive=1
original=idiot - Forty Six and 2 (pushit!).milk trails=0 frame=2 treb=0.5 darken=0 mode=2 dots=1 thick=1 additive=1
original=idiot - Forty Six and 2 (pushit!).milk trails=0 frame=3 treb=2 darken=0 mode=2 dots=1 thick=1 additive=1
original=idiot - Forty Six and 2 (pushit!).milk trails=0 frame=4 treb=0.5 darken=0 mode=2 dots=1 thick=1 additive=1
original=idiot - Forty Six and 2 (pushit!).milk trails=0 frame=5 treb=2 darken=0 mode=2 dots=1 thick=1 additive=1
original=319.milk trails=0.5 frame=0 treb=0.5 darken=1 mode=0 dots=0 thick=0 additive=0
original=319.milk trails=0.5 frame=1 treb=2 darken=0 mode=0 dots=0 thick=0 additive=0
original=319.milk trails=0.5 frame=2 treb=0.5 darken=1 mode=0 dots=0 thick=0 additive=0
original=319.milk trails=0.5 frame=3 treb=2 darken=0 mode=0 dots=0 thick=0 additive=0
original=319.milk trails=0.5 frame=4 treb=0.5 darken=1 mode=0 dots=0 thick=0 additive=0
original=319.milk trails=0.5 frame=5 treb=2 darken=0 mode=0 dots=0 thick=0 additive=0
original=Hexcollie - now entering the wormhole2 - mash0000 - if you like this, maybe you, like me, are insane.milk trails=0.5 frame=0 treb=0.5 darken=0 mode=0 dots=0 thick=0 additive=1
original=Hexcollie - now entering the wormhole2 - mash0000 - if you like this, maybe you, like me, are insane.milk trails=0.5 frame=1 treb=2 darken=0 mode=0 dots=0 thick=0 additive=1
original=Hexcollie - now entering the wormhole2 - mash0000 - if you like this, maybe you, like me, are insane.milk trails=0.5 frame=2 treb=0.5 darken=0 mode=0 dots=0 thick=0 additive=1
original=Hexcollie - now entering the wormhole2 - mash0000 - if you like this, maybe you, like me, are insane.milk trails=0.5 frame=3 treb=2 darken=0 mode=0 dots=0 thick=0 additive=1
original=Hexcollie - now entering the wormhole2 - mash0000 - if you like this, maybe you, like me, are insane.milk trails=0.5 frame=4 treb=0.5 darken=0 mode=0 dots=0 thick=0 additive=1
original=Hexcollie - now entering the wormhole2 - mash0000 - if you like this, maybe you, like me, are insane.milk trails=0.5 frame=5 treb=2 darken=0 mode=0 dots=0 thick=0 additive=1
original=idiot - Forty Six and 2 (pushit!).milk trails=0.5 frame=0 treb=0.5 darken=0 mode=2 dots=1 thick=1 additive=1
original=idiot - Forty Six and 2 (pushit!).milk trails=0.5 frame=1 treb=2 darken=0 mode=2 dots=1 thick=1 additive=1
original=idiot - Forty Six and 2 (pushit!).milk trails=0.5 frame=2 treb=0.5 darken=0 mode=2 dots=1 thick=1 additive=1
original=idiot - Forty Six and 2 (pushit!).milk trails=0.5 frame=3 treb=2 darken=0 mode=2 dots=1 thick=1 additive=1
original=idiot - Forty Six and 2 (pushit!).milk trails=0.5 frame=4 treb=0.5 darken=0 mode=2 dots=1 thick=1 additive=1
original=idiot - Forty Six and 2 (pushit!).milk trails=0.5 frame=5 treb=2 darken=0 mode=2 dots=1 thick=1 additive=1
original=319.milk trails=1 frame=0 treb=0.5 darken=1 mode=0 dots=0 thick=0 additive=0
original=319.milk trails=1 frame=1 treb=2 darken=0 mode=0 dots=0 thick=0 additive=0
original=319.milk trails=1 frame=2 treb=0.5 darken=1 mode=0 dots=0 thick=0 additive=0
original=319.milk trails=1 frame=3 treb=2 darken=0 mode=0 dots=0 thick=0 additive=0
original=319.milk trails=1 frame=4 treb=0.5 darken=1 mode=0 dots=0 thick=0 additive=0
original=319.milk trails=1 frame=5 treb=2 darken=0 mode=0 dots=0 thick=0 additive=0
original=Hexcollie - now entering the wormhole2 - mash0000 - if you like this, maybe you, like me, are insane.milk trails=1 frame=0 treb=0.5 darken=0 mode=0 dots=0 thick=0 additive=1
original=Hexcollie - now entering the wormhole2 - mash0000 - if you like this, maybe you, like me, are insane.milk trails=1 frame=1 treb=2 darken=0 mode=0 dots=0 thick=0 additive=1
original=Hexcollie - now entering the wormhole2 - mash0000 - if you like this, maybe you, like me, are insane.milk trails=1 frame=2 treb=0.5 darken=0 mode=0 dots=0 thick=0 additive=1
original=Hexcollie - now entering the wormhole2 - mash0000 - if you like this, maybe you, like me, are insane.milk trails=1 frame=3 treb=2 darken=0 mode=0 dots=0 thick=0 additive=1
original=Hexcollie - now entering the wormhole2 - mash0000 - if you like this, maybe you, like me, are insane.milk trails=1 frame=4 treb=0.5 darken=0 mode=0 dots=0 thick=0 additive=1
original=Hexcollie - now entering the wormhole2 - mash0000 - if you like this, maybe you, like me, are insane.milk trails=1 frame=5 treb=2 darken=0 mode=0 dots=0 thick=0 additive=1
original=idiot - Forty Six and 2 (pushit!).milk trails=1 frame=0 treb=0.5 darken=0 mode=2 dots=1 thick=1 additive=1
original=idiot - Forty Six and 2 (pushit!).milk trails=1 frame=1 treb=2 darken=0 mode=2 dots=1 thick=1 additive=1
original=idiot - Forty Six and 2 (pushit!).milk trails=1 frame=2 treb=0.5 darken=0 mode=2 dots=1 thick=1 additive=1
original=idiot - Forty Six and 2 (pushit!).milk trails=1 frame=3 treb=2 darken=0 mode=2 dots=1 thick=1 additive=1
original=idiot - Forty Six and 2 (pushit!).milk trails=1 frame=4 treb=0.5 darken=0 mode=2 dots=1 thick=1 additive=1
original=idiot - Forty Six and 2 (pushit!).milk trails=1 frame=5 treb=2 darken=0 mode=2 dots=1 thick=1 additive=1
