[1/3] Building CXX object src/libprojectM/MilkdropPreset/CMakeFiles/MilkdropPreset.dir/VideoEcho.cpp.o
/Users/jneerdael/Scripts/Projectm-TV/.worktrees/live-native-controls/third_party/projectm/src/libprojectM/MilkdropPreset/VideoEcho.cpp:94:22: warning: unused variable 'attachment' [-Wunused-variable]
   94 |         const GLenum attachment = m_presetState.compositeToDefaultFramebuffer ? GL_COLOR : GL_COLOR_ATTACHMENT0;
      |                      ^~~~~~~~~~
1 warning generated.
[2/3] Building CXX object src/libprojectM/CMakeFiles/projectM_main.dir/ProjectMCWrapper.cpp.o
[3/3] Linking CXX executable tests/libprojectM/projectM-unittest
ld: warning: ignoring duplicate libraries: '/opt/homebrew/lib/libgtest.a', 'vendor/projectm-eval/projectm-eval/libprojectM_evald.a'
Running main() from /private/tmp/googletest-20260810-2279-a5yc4x/googletest-1.18.0/googletest/src/gtest_main.cc
[==========] Running 261 tests from 33 test suites.
[----------] Global test environment set-up.
[----------] 21 tests from FeedbackDiffusionRenderTest
[ RUN      ] FeedbackDiffusionRenderTest.BilinearFeedbackIsStillCompensated
[PresetFactory] Filename is URL: idle://Geiss & Sperl - Feedback (projectM idle HDR mix).milk
[PresetFactory] Filename is URL: idle://Geiss & Sperl - Feedback (projectM idle HDR mix).milk
[PresetFactory] Filename is URL: idle://Geiss & Sperl - Feedback (projectM idle HDR mix).milk
[PresetFactory] Filename is URL: idle://Geiss & Sperl - Feedback (projectM idle HDR mix).milk
projectM feedback diffusion: scale 4.000 exceeds kernel range; variance capped at 1.90 px^2
[PresetFactory] Filename is URL: idle://Geiss & Sperl - Feedback (projectM idle HDR mix).milk
[PresetFactory] Filename is URL: idle://Geiss & Sperl - Feedback (projectM idle HDR mix).milk
[       OK ] FeedbackDiffusionRenderTest.BilinearFeedbackIsStillCompensated (495 ms)
[ RUN      ] FeedbackDiffusionRenderTest.PointSampledFeedbackReadsUnfilteredTexels
[PresetFactory] Filename is URL: idle://Geiss & Sperl - Feedback (projectM idle HDR mix).milk
[PresetFactory] Filename is URL: idle://Geiss & Sperl - Feedback (projectM idle HDR mix).milk
[PresetFactory] Filename is URL: idle://Geiss & Sperl - Feedback (projectM idle HDR mix).milk
projectM feedback diffusion: scale 4.000 exceeds kernel range; variance capped at 1.90 px^2
[PresetFactory] Filename is URL: idle://Geiss & Sperl - Feedback (projectM idle HDR mix).milk
[PresetFactory] Filename is URL: idle://Geiss & Sperl - Feedback (projectM idle HDR mix).milk
[PresetFactory] Filename is URL: idle://Geiss & Sperl - Feedback (projectM idle HDR mix).milk
[PresetFactory] Filename is URL: idle://Geiss & Sperl - Feedback (projectM idle HDR mix).milk
projectM feedback diffusion: scale 4.000 exceeds kernel range; variance capped at 1.90 px^2
[PresetFactory] Filename is URL: idle://Geiss & Sperl - Feedback (projectM idle HDR mix).milk
[PresetFactory] Filename is URL: idle://Geiss & Sperl - Feedback (projectM idle HDR mix).milk
[PresetFactory] Filename is URL: idle://Geiss & Sperl - Feedback (projectM idle HDR mix).milk
[PresetFactory] Filename is URL: idle://Geiss & Sperl - Feedback (projectM idle HDR mix).milk
projectM feedback diffusion: scale 4.000 exceeds kernel range; variance capped at 1.90 px^2
[PresetFactory] Filename is URL: idle://Geiss & Sperl - Feedback (projectM idle HDR mix).milk
[PresetFactory] Filename is URL: idle://Geiss & Sperl - Feedback (projectM idle HDR mix).milk
[PresetFactory] Filename is URL: idle://Geiss & Sperl - Feedback (projectM idle HDR mix).milk
[PresetFactory] Filename is URL: idle://Geiss & Sperl - Feedback (projectM idle HDR mix).milk
projectM feedback diffusion: scale 4.000 exceeds kernel range; variance capped at 1.90 px^2
[PresetFactory] Filename is URL: idle://Geiss & Sperl - Feedback (projectM idle HDR mix).milk
[       OK ] FeedbackDiffusionRenderTest.PointSampledFeedbackReadsUnfilteredTexels (1260 ms)
[ RUN      ] FeedbackDiffusionRenderTest.CompositeReadsTheUnfilteredFrame
[PresetFactory] Filename is URL: idle://Geiss & Sperl - Feedback (projectM idle HDR mix).milk
[PresetFactory] Filename is URL: idle://Geiss & Sperl - Feedback (projectM idle HDR mix).milk
[PresetFactory] Filename is URL: idle://Geiss & Sperl - Feedback (projectM idle HDR mix).milk
projectM feedback diffusion: scale 4.000 exceeds kernel range; variance capped at 1.90 px^2
[PresetFactory] Filename is URL: idle://Geiss & Sperl - Feedback (projectM idle HDR mix).milk
[PresetFactory] Filename is URL: idle://Geiss & Sperl - Feedback (projectM idle HDR mix).milk
[PresetFactory] Filename is URL: idle://Geiss & Sperl - Feedback (projectM idle HDR mix).milk
[PresetFactory] Filename is URL: idle://Geiss & Sperl - Feedback (projectM idle HDR mix).milk
projectM feedback diffusion: scale 4.000 exceeds kernel range; variance capped at 1.90 px^2
[PresetFactory] Filename is URL: idle://Geiss & Sperl - Feedback (projectM idle HDR mix).milk
[       OK ] FeedbackDiffusionRenderTest.CompositeReadsTheUnfilteredFrame (627 ms)
[ RUN      ] FeedbackDiffusionRenderTest.FramesWithMotionVectorsKeepPointReadsAndCompositeExact
[PresetFactory] Filename is URL: idle://Geiss & Sperl - Feedback (projectM idle HDR mix).milk
[PresetFactory] Filename is URL: idle://Geiss & Sperl - Feedback (projectM idle HDR mix).milk
[PresetFactory] Filename is URL: idle://Geiss & Sperl - Feedback (projectM idle HDR mix).milk
projectM feedback diffusion: scale 4.000 exceeds kernel range; variance capped at 1.90 px^2
[PresetFactory] Filename is URL: idle://Geiss & Sperl - Feedback (projectM idle HDR mix).milk
[PresetFactory] Filename is URL: idle://Geiss & Sperl - Feedback (projectM idle HDR mix).milk
[PresetFactory] Filename is URL: idle://Geiss & Sperl - Feedback (projectM idle HDR mix).milk
[PresetFactory] Filename is URL: idle://Geiss & Sperl - Feedback (projectM idle HDR mix).milk
projectM feedback diffusion: scale 4.000 exceeds kernel range; variance capped at 1.90 px^2
[PresetFactory] Filename is URL: idle://Geiss & Sperl - Feedback (projectM idle HDR mix).milk
[       OK ] FeedbackDiffusionRenderTest.FramesWithMotionVectorsKeepPointReadsAndCompositeExact (636 ms)
[ RUN      ] FeedbackDiffusionRenderTest.DetailLimiterPreservesReconstructedBlockMean
[       OK ] FeedbackDiffusionRenderTest.DetailLimiterPreservesReconstructedBlockMean (13 ms)
[ RUN      ] FeedbackDiffusionRenderTest.StandardBufferSwapWithoutGeometryKeepsAuthoredState
[       OK ] FeedbackDiffusionRenderTest.StandardBufferSwapWithoutGeometryKeepsAuthoredState (2 ms)
[ RUN      ] FeedbackDiffusionRenderTest.StandardMatchesPlainCanvasAcrossAnimatedMeshFrames
[PresetFactory] Filename is URL: idle://Geiss & Sperl - Feedback (projectM idle HDR mix).milk
[PresetFactory] Filename is URL: idle://Geiss & Sperl - Feedback (projectM idle HDR mix).milk
Standard persistent L maximum MAE bytes: 0
Standard canvas reconstruction maximum MAE bytes: 0.228733
[       OK ] FeedbackDiffusionRenderTest.StandardMatchesPlainCanvasAcrossAnimatedMeshFrames (251 ms)
[ RUN      ] FeedbackDiffusionRenderTest.DetailRuntimeModesResizeFallbackAndTransition
[PresetFactory] Filename is URL: idle://Geiss & Sperl - Feedback (projectM idle HDR mix).milk
projectM authored feedback fallback at 127x95
projectM authored feedback fallback at 127x95
[       OK ] FeedbackDiffusionRenderTest.DetailRuntimeModesResizeFallbackAndTransition (118 ms)
[ RUN      ] FeedbackDiffusionRenderTest.DetailPresetResourcesAreDistinctAndReleased
[       OK ] FeedbackDiffusionRenderTest.DetailPresetResourcesAreDistinctAndReleased (2 ms)
[ RUN      ] FeedbackDiffusionRenderTest.DetailSecondWarpDoesNotAdvanceRandomOrRepeatEquations
[PresetFactory] Filename is URL: idle://Geiss & Sperl - Feedback (projectM idle HDR mix).milk
[PresetFactory] Filename is URL: idle://Geiss & Sperl - Feedback (projectM idle HDR mix).milk
[PresetFactory] Filename is URL: idle://Geiss & Sperl - Feedback (projectM idle HDR mix).milk
[PresetFactory] Filename is URL: idle://Geiss & Sperl - Feedback (projectM idle HDR mix).milk
[       OK ] FeedbackDiffusionRenderTest.DetailSecondWarpDoesNotAdvanceRandomOrRepeatEquations (324 ms)
[ RUN      ] FeedbackDiffusionRenderTest.DetailInitialNativeWarpCoversFullViewportForBlurPresets
[PresetFactory] Filename is URL: idle://Geiss & Sperl - Feedback (projectM idle HDR mix).milk
UNSUPPORTED (log once): POSSIBLE ISSUE: unit 0 GLD_TEXTURE_INDEX_2D is unloadable and bound to sampler type (Float) - using zero texture because texture unloadable
[PresetFactory] Filename is URL: idle://Geiss & Sperl - Feedback (projectM idle HDR mix).milk
[       OK ] FeedbackDiffusionRenderTest.DetailInitialNativeWarpCoversFullViewportForBlurPresets (186 ms)
[ RUN      ] FeedbackDiffusionRenderTest.DetailFirstNativeFlipPreservesUniformFeedbackAfterEnable
[PresetFactory] Filename is URL: idle://Geiss & Sperl - Feedback (projectM idle HDR mix).milk
[PresetFactory] Filename is URL: idle://Geiss & Sperl - Feedback (projectM idle HDR mix).milk
[       OK ] FeedbackDiffusionRenderTest.DetailFirstNativeFlipPreservesUniformFeedbackAfterEnable (166 ms)
[ RUN      ] FeedbackDiffusionRenderTest.DetailOffWaitsForNativeMotionUVBeforeDrawingVectors
[PresetFactory] Filename is URL: idle://Geiss & Sperl - Feedback (projectM idle HDR mix).milk
[       OK ] FeedbackDiffusionRenderTest.DetailOffWaitsForNativeMotionUVBeforeDrawingVectors (87 ms)
[ RUN      ] FeedbackDiffusionRenderTest.AuthoredFeedbackRetainsFaintGeometryAcrossFrames
[PresetFactory] Filename is URL: idle://Geiss & Sperl - Feedback (projectM idle HDR mix).milk
[PresetFactory] Filename is URL: idle://Geiss & Sperl - Feedback (projectM idle HDR mix).milk
[       OK ] FeedbackDiffusionRenderTest.AuthoredFeedbackRetainsFaintGeometryAcrossFrames (342 ms)
[ RUN      ] FeedbackDiffusionRenderTest.GeometryReplayKeepsNativePresentationSharp
[PresetFactory] Filename is URL: idle://Geiss & Sperl - Feedback (projectM idle HDR mix).milk
[PresetFactory] Filename is URL: idle://Geiss & Sperl - Feedback (projectM idle HDR mix).milk
[PresetFactory] Filename is URL: idle://Geiss & Sperl - Feedback (projectM idle HDR mix).milk
[PresetFactory] Filename is URL: idle://Geiss & Sperl - Feedback (projectM idle HDR mix).milk
[       OK ] FeedbackDiffusionRenderTest.GeometryReplayKeepsNativePresentationSharp (312 ms)
[ RUN      ] FeedbackDiffusionRenderTest.GeometryReplayDoesNotRepeatPersistentEquations
[PresetFactory] Filename is URL: idle://Geiss & Sperl - Feedback (projectM idle HDR mix).milk
[PresetFactory] Filename is URL: idle://Geiss & Sperl - Feedback (projectM idle HDR mix).milk
[PresetFactory] Filename is URL: idle://Geiss & Sperl - Feedback (projectM idle HDR mix).milk
[PresetFactory] Filename is URL: idle://Geiss & Sperl - Feedback (projectM idle HDR mix).milk
[       OK ] FeedbackDiffusionRenderTest.GeometryReplayDoesNotRepeatPersistentEquations (316 ms)
[ RUN      ] FeedbackDiffusionRenderTest.GeometryReplayRestoresPerVertexShapeInputs
[PresetFactory] Filename is URL: idle://Geiss & Sperl - Feedback (projectM idle HDR mix).milk
[PresetFactory] Filename is URL: idle://Geiss & Sperl - Feedback (projectM idle HDR mix).milk
[PresetFactory] Filename is URL: idle://Geiss & Sperl - Feedback (projectM idle HDR mix).milk
[PresetFactory] Filename is URL: idle://Geiss & Sperl - Feedback (projectM idle HDR mix).milk
[PresetFactory] Filename is URL: idle://Geiss & Sperl - Feedback (projectM idle HDR mix).milk
[PresetFactory] Filename is URL: idle://Geiss & Sperl - Feedback (projectM idle HDR mix).milk
[       OK ] FeedbackDiffusionRenderTest.GeometryReplayRestoresPerVertexShapeInputs (466 ms)
[ RUN      ] FeedbackDiffusionRenderTest.RoundedCanvasKeepsLegacyThickBordersAtNativeOffsets
[PresetFactory] Filename is URL: idle://Geiss & Sperl - Feedback (projectM idle HDR mix).milk
[PresetFactory] Filename is URL: idle://Geiss & Sperl - Feedback (projectM idle HDR mix).milk
[PresetFactory] Filename is URL: idle://Geiss & Sperl - Feedback (projectM idle HDR mix).milk
[PresetFactory] Filename is URL: idle://Geiss & Sperl - Feedback (projectM idle HDR mix).milk
[       OK ] FeedbackDiffusionRenderTest.RoundedCanvasKeepsLegacyThickBordersAtNativeOffsets (550 ms)
[ RUN      ] FeedbackDiffusionRenderTest.TexturedShapesAndBordersRestoreVertexInputsAcrossFrames
[PresetFactory] Filename is URL: idle://Geiss & Sperl - Feedback (projectM idle HDR mix).milk
[PresetFactory] Filename is URL: idle://Geiss & Sperl - Feedback (projectM idle HDR mix).milk
[PresetFactory] Filename is URL: idle://Geiss & Sperl - Feedback (projectM idle HDR mix).milk
[PresetFactory] Filename is URL: idle://Geiss & Sperl - Feedback (projectM idle HDR mix).milk
[PresetFactory] Filename is URL: idle://Geiss & Sperl - Feedback (projectM idle HDR mix).milk
[PresetFactory] Filename is URL: idle://Geiss & Sperl - Feedback (projectM idle HDR mix).milk
[PresetFactory] Filename is URL: idle://Geiss & Sperl - Feedback (projectM idle HDR mix).milk
[PresetFactory] Filename is URL: idle://Geiss & Sperl - Feedback (projectM idle HDR mix).milk
[PresetFactory] Filename is URL: idle://Geiss & Sperl - Feedback (projectM idle HDR mix).milk
[PresetFactory] Filename is URL: idle://Geiss & Sperl - Feedback (projectM idle HDR mix).milk
[PresetFactory] Filename is URL: idle://Geiss & Sperl - Feedback (projectM idle HDR mix).milk
[PresetFactory] Filename is URL: idle://Geiss & Sperl - Feedback (projectM idle HDR mix).milk
[PresetFactory] Filename is URL: idle://Geiss & Sperl - Feedback (projectM idle HDR mix).milk
[PresetFactory] Filename is URL: idle://Geiss & Sperl - Feedback (projectM idle HDR mix).milk
[PresetFactory] Filename is URL: idle://Geiss & Sperl - Feedback (projectM idle HDR mix).milk
[PresetFactory] Filename is URL: idle://Geiss & Sperl - Feedback (projectM idle HDR mix).milk
[       OK ] FeedbackDiffusionRenderTest.TexturedShapesAndBordersRestoreVertexInputsAcrossFrames (1327 ms)
[ RUN      ] FeedbackDiffusionRenderTest.ShapeBatchFlushPreservesAuthoredOrderAndEquationCount
[PresetFactory] Filename is URL: idle://Geiss & Sperl - Feedback (projectM idle HDR mix).milk
[PresetFactory] Filename is URL: idle://Geiss & Sperl - Feedback (projectM idle HDR mix).milk
[PresetFactory] Filename is URL: idle://Geiss & Sperl - Feedback (projectM idle HDR mix).milk
[PresetFactory] Filename is URL: idle://Geiss & Sperl - Feedback (projectM idle HDR mix).milk
[PresetFactory] Filename is URL: idle://Geiss & Sperl - Feedback (projectM idle HDR mix).milk
[       OK ] FeedbackDiffusionRenderTest.ShapeBatchFlushPreservesAuthoredOrderAndEquationCount (405 ms)
[ RUN      ] FeedbackDiffusionRenderTest.VisibleGeometrySurvivesGainResizeAndReenable
[PresetFactory] Filename is URL: idle://Geiss & Sperl - Feedback (projectM idle HDR mix).milk
[PresetFactory] Filename is URL: idle://Geiss & Sperl - Feedback (projectM idle HDR mix).milk
[PresetFactory] Filename is URL: idle://Geiss & Sperl - Feedback (projectM idle HDR mix).milk
[PresetFactory] Filename is URL: idle://Geiss & Sperl - Feedback (projectM idle HDR mix).milk
[PresetFactory] Filename is URL: idle://Geiss & Sperl - Feedback (projectM idle HDR mix).milk
[PresetFactory] Filename is URL: idle://Geiss & Sperl - Feedback (projectM idle HDR mix).milk
[       OK ] FeedbackDiffusionRenderTest.VisibleGeometrySurvivesGainResizeAndReenable (463 ms)
[----------] 21 tests from FeedbackDiffusionRenderTest (8360 ms total)

[----------] 14 tests from FeedbackDiffusion
[ RUN      ] FeedbackDiffusion.OffWithoutReferenceOrAtOrBelowIt
[       OK ] FeedbackDiffusion.OffWithoutReferenceOrAtOrBelowIt (0 ms)
[ RUN      ] FeedbackDiffusion.AddsTheMissingVariance
[       OK ] FeedbackDiffusion.AddsTheMissingVariance (0 ms)
[ RUN      ] FeedbackDiffusion.CappedForVeryLargeScales
[       OK ] FeedbackDiffusion.CappedForVeryLargeScales (0 ms)
[ RUN      ] FeedbackDiffusion.MotionMinimumScalesOnlyWithUsableCompensation
[       OK ] FeedbackDiffusion.MotionMinimumScalesOnlyWithUsableCompensation (0 ms)
[ RUN      ] FeedbackDiffusion.RejectsPeakSharpeningFeedback
[       OK ] FeedbackDiffusion.RejectsPeakSharpeningFeedback (0 ms)
[ RUN      ] FeedbackDiffusion.IgnoresCommentsInWarpGating
[       OK ] FeedbackDiffusion.IgnoresCommentsInWarpGating (0 ms)
[ RUN      ] FeedbackDiffusion.RejectsPointFeedbackButAllowsOrdinaryWarps
[       OK ] FeedbackDiffusion.RejectsPointFeedbackButAllowsOrdinaryWarps (0 ms)
[ RUN      ] FeedbackDiffusion.GateRecognizesEveryMainSamplerAlias
[       OK ] FeedbackDiffusion.GateRecognizesEveryMainSamplerAlias (0 ms)
[ RUN      ] FeedbackDiffusion.AllowsMixedPointReadsWithBilinearFeedback
[       OK ] FeedbackDiffusion.AllowsMixedPointReadsWithBilinearFeedback (0 ms)
[ RUN      ] FeedbackDiffusion.AdaptiveBoundaryKeepsTheSameVarianceAndZeroCovariance
[       OK ] FeedbackDiffusion.AdaptiveBoundaryKeepsTheSameVarianceAndZeroCovariance (0 ms)
[ RUN      ] FeedbackDiffusion.RejectsExplicitUndisplacedReadsInMixedWarps
[       OK ] FeedbackDiffusion.RejectsExplicitUndisplacedReadsInMixedWarps (0 ms)
[ RUN      ] FeedbackDiffusion.TransparentSourceIsCopiedWithoutMultiplyingAlphaAgain
[       OK ] FeedbackDiffusion.TransparentSourceIsCopiedWithoutMultiplyingAlphaAgain (7 ms)
[ RUN      ] FeedbackDiffusion.InactiveScaleReleasesRenderSizedTargets
[       OK ] FeedbackDiffusion.InactiveScaleReleasesRenderSizedTargets (6 ms)
[ RUN      ] FeedbackDiffusion.OnePassWritesExactFlippedCopyAndFilteredCopy
projectM feedback diffusion: scale 4.000 exceeds kernel range; variance capped at 1.90 px^2
[       OK ] FeedbackDiffusion.OnePassWritesExactFlippedCopyAndFilteredCopy (10 ms)
[----------] 14 tests from FeedbackDiffusion (24 ms total)

[----------] 1 test from FeedbackDetail
[ RUN      ] FeedbackDetail.IntegerNativeCanvasAndFallback
[       OK ] FeedbackDetail.IntegerNativeCanvasAndFallback (0 ms)
[----------] 1 test from FeedbackDetail (0 ms total)

[----------] 10 tests from ModuloTest
[ RUN      ] ModuloTest.FloatVectorResultPreservesComponents
[       OK ] ModuloTest.FloatVectorResultPreservesComponents (0 ms)
[ RUN      ] ModuloTest.MixedScalarAndVectorPromotesToFloatVector
[       OK ] ModuloTest.MixedScalarAndVectorPromotesToFloatVector (0 ms)
[ RUN      ] ModuloTest.UnsignedVectorResultPreservesComponents
[       OK ] ModuloTest.UnsignedVectorResultPreservesComponents (0 ms)
[ RUN      ] ModuloTest.RemainderAndMultiplicationAssociateLeftToRight
[       OK ] ModuloTest.RemainderAndMultiplicationAssociateLeftToRight (0 ms)
[ RUN      ] ModuloTest.ComparisonBindsMoreTightlyThanEquality
[       OK ] ModuloTest.ComparisonBindsMoreTightlyThanEquality (0 ms)
[ RUN      ] ModuloTest.BitwiseAndBindsMoreTightlyThanXor
[       OK ] ModuloTest.BitwiseAndBindsMoreTightlyThanXor (0 ms)
[ RUN      ] ModuloTest.FloatRemainderUsesModOnDesktopAndES
[       OK ] ModuloTest.FloatRemainderUsesModOnDesktopAndES (0 ms)
[ RUN      ] ModuloTest.IntegerVectorRemainderKeepsIntegerOperator
[       OK ] ModuloTest.IntegerVectorRemainderKeepsIntegerOperator (0 ms)
[ RUN      ] ModuloTest.IntegerVectorRemainderUsesVectorFallbackOnLegacyGLSL
[       OK ] ModuloTest.IntegerVectorRemainderUsesVectorFallbackOnLegacyGLSL (0 ms)
[ RUN      ] ModuloTest.GeneratedRemainderPromotesScalarAndVectorOperands
[       OK ] ModuloTest.GeneratedRemainderPromotesScalarAndVectorOperands (0 ms)
[----------] 10 tests from ModuloTest (0 ms total)

[----------] 9 tests from UniformReplacementTest
[ RUN      ] UniformReplacementTest.WritingOneComponentKeepsTheOthers
[       OK ] UniformReplacementTest.WritingOneComponentKeepsTheOthers (0 ms)
[ RUN      ] UniformReplacementTest.CompoundAssignmentStartsFromTheUniform
[       OK ] UniformReplacementTest.CompoundAssignmentStartsFromTheUniform (0 ms)
[ RUN      ] UniformReplacementTest.SelfReferencingFirstAssignmentReadsTheCopy
[       OK ] UniformReplacementTest.SelfReferencingFirstAssignmentReadsTheCopy (0 ms)
[ RUN      ] UniformReplacementTest.ConditionalWriteLeavesTheValueDefined
[       OK ] UniformReplacementTest.ConditionalWriteLeavesTheValueDefined (0 ms)
[ RUN      ] UniformReplacementTest.IncrementAndOutArgumentsAreWrites
[       OK ] UniformReplacementTest.IncrementAndOutArgumentsAreWrites (0 ms)
[ RUN      ] UniformReplacementTest.HelpersShareTheCopyWithTheEntryPoint
[       OK ] UniformReplacementTest.HelpersShareTheCopyWithTheEntryPoint (0 ms)
[ RUN      ] UniformReplacementTest.GlobalInitializersReadTheUniform
[       OK ] UniformReplacementTest.GlobalInitializersReadTheUniform (0 ms)
[ RUN      ] UniformReplacementTest.UniformsThatAreOnlyReadAreNotCopied
[       OK ] UniformReplacementTest.UniformsThatAreOnlyReadAreNotCopied (0 ms)
[ RUN      ] UniformReplacementTest.ShaderWithoutUniformWritesIsUnchanged
[       OK ] UniformReplacementTest.ShaderWithoutUniformWritesIsUnchanged (0 ms)
[----------] 9 tests from UniformReplacementTest (0 ms total)

[----------] 7 tests from ArrayInitializerTest
[ RUN      ] ArrayInitializerTest.FlatScalarsAreGroupedIntoVectors
[       OK ] ArrayInitializerTest.FlatScalarsAreGroupedIntoVectors (0 ms)
[ RUN      ] ArrayInitializerTest.GroupedVectorsKeepTheirLayout
[       OK ] ArrayInitializerTest.GroupedVectorsKeepTheirLayout (0 ms)
[ RUN      ] ArrayInitializerTest.VectorsAndScalarsFillElementsInOrder
[       OK ] ArrayInitializerTest.VectorsAndScalarsFillElementsInOrder (0 ms)
[ RUN      ] ArrayInitializerTest.ScalarArrayConvertsIntegerLiterals
[       OK ] ArrayInitializerTest.ScalarArrayConvertsIntegerLiterals (0 ms)
[ RUN      ] ArrayInitializerTest.GlobalArrayIsAssignedWholeInMain
[       OK ] ArrayInitializerTest.GlobalArrayIsAssignedWholeInMain (0 ms)
[ RUN      ] ArrayInitializerTest.ListsThatDoNotFillTheArrayAreRejected
Array 'a' initializer list has 5 components for 2 elements of 4arrays.hlsl(3) : Duplicate function definition
arrays.hlsl(3) : Duplicate function definition
[       OK ] ArrayInitializerTest.ListsThatDoNotFillTheArrayAreRejected (0 ms)
[ RUN      ] ArrayInitializerTest.VectorSpanningTwoElementsIsRejected
Array 'a' initializer has a vector spanning two elements[       OK ] ArrayInitializerTest.VectorSpanningTwoElementsIsRejected (0 ms)
[----------] 7 tests from ArrayInitializerTest (0 ms total)

[----------] 8 tests from PresetShaderRenderTest
[ RUN      ] PresetShaderRenderTest.ReadingAUniformIsTheControl
[PresetFactory] Filename is URL: idle://Geiss & Sperl - Feedback (projectM idle HDR mix).milk
[       OK ] PresetShaderRenderTest.ReadingAUniformIsTheControl (89 ms)
[ RUN      ] PresetShaderRenderTest.WritingAnotherUniformComponentKeepsTheValue
[PresetFactory] Filename is URL: idle://Geiss & Sperl - Feedback (projectM idle HDR mix).milk
[       OK ] PresetShaderRenderTest.WritingAnotherUniformComponentKeepsTheValue (81 ms)
[ RUN      ] PresetShaderRenderTest.CompoundAssignmentToAUniformStartsFromItsValue
[PresetFactory] Filename is URL: idle://Geiss & Sperl - Feedback (projectM idle HDR mix).milk
[       OK ] PresetShaderRenderTest.CompoundAssignmentToAUniformStartsFromItsValue (78 ms)
[ RUN      ] PresetShaderRenderTest.FlatGlobalArrayInitializerKeepsTheAuthoredShader
[PresetFactory] Filename is URL: idle://Geiss & Sperl - Feedback (projectM idle HDR mix).milk
[       OK ] PresetShaderRenderTest.FlatGlobalArrayInitializerKeepsTheAuthoredShader (79 ms)
[ RUN      ] PresetShaderRenderTest.FlatLocalArrayInitializerKeepsTheAuthoredShader
[PresetFactory] Filename is URL: idle://Geiss & Sperl - Feedback (projectM idle HDR mix).milk
[       OK ] PresetShaderRenderTest.FlatLocalArrayInitializerKeepsTheAuthoredShader (78 ms)
[ RUN      ] PresetShaderRenderTest.SamplerStateBlockBeforeShaderBodyKeepsTheAuthoredShader
[PresetFactory] Filename is URL: idle://Geiss & Sperl - Feedback (projectM idle HDR mix).milk
[       OK ] PresetShaderRenderTest.SamplerStateBlockBeforeShaderBodyKeepsTheAuthoredShader (80 ms)
[ RUN      ] PresetShaderRenderTest.SeveralSamplerStateBlocksKeepTheAuthoredShader
[PresetFactory] Filename is URL: idle://Geiss & Sperl - Feedback (projectM idle HDR mix).milk
[       OK ] PresetShaderRenderTest.SeveralSamplerStateBlocksKeepTheAuthoredShader (82 ms)
[ RUN      ] PresetShaderRenderTest.UnspacedSamplerStateAssignmentKeepsTheAuthoredShader
[PresetFactory] Filename is URL: idle://Geiss & Sperl - Feedback (projectM idle HDR mix).milk
[       OK ] PresetShaderRenderTest.UnspacedSamplerStateAssignmentKeepsTheAuthoredShader (82 ms)
[----------] 8 tests from PresetShaderRenderTest (654 ms total)

[----------] 1 test from ShaderException
[ RUN      ] ShaderException.PreservesDriverDiagnosticThroughStandardExceptionHandler
[       OK ] ShaderException.PreservesDriverDiagnosticThroughStandardExceptionHandler (0 ms)
[----------] 1 test from ShaderException (0 ms total)

[----------] 3 tests from MilkdropPresetException
[ RUN      ] MilkdropPresetException.LoadMessageSurvivesStandardExceptionHandler
[       OK ] MilkdropPresetException.LoadMessageSurvivesStandardExceptionHandler (0 ms)
[ RUN      ] MilkdropPresetException.CompileMessageSurvivesStandardExceptionHandler
[       OK ] MilkdropPresetException.CompileMessageSurvivesStandardExceptionHandler (0 ms)
[ RUN      ] MilkdropPresetException.FactoryMessageSurvivesStandardExceptionHandler
[       OK ] MilkdropPresetException.FactoryMessageSurvivesStandardExceptionHandler (0 ms)
[----------] 3 tests from MilkdropPresetException (0 ms total)

[----------] 5 tests from MilkdropPresetFailureEventTest
[ RUN      ] MilkdropPresetFailureEventTest.InvalidPresetDataReportsParseReason
[PresetFactory] Filename is URL: idle://Geiss & Sperl - Feedback (projectM idle HDR mix).milk
[       OK ] MilkdropPresetFailureEventTest.InvalidPresetDataReportsParseReason (69 ms)
[ RUN      ] MilkdropPresetFailureEventTest.InvalidPerFrameExpressionIsLeftOutWithItsReason
[PresetFactory] Filename is URL: idle://Geiss & Sperl - Feedback (projectM idle HDR mix).milk
[       OK ] MilkdropPresetFailureEventTest.InvalidPerFrameExpressionIsLeftOutWithItsReason (69 ms)
[ RUN      ] MilkdropPresetFailureEventTest.EveryCodeBlockIsLeftOutSeparately
[PresetFactory] Filename is URL: idle://Geiss & Sperl - Feedback (projectM idle HDR mix).milk
[PresetFactory] Filename is URL: idle://Geiss & Sperl - Feedback (projectM idle HDR mix).milk
[PresetFactory] Filename is URL: idle://Geiss & Sperl - Feedback (projectM idle HDR mix).milk
[PresetFactory] Filename is URL: idle://Geiss & Sperl - Feedback (projectM idle HDR mix).milk
[PresetFactory] Filename is URL: idle://Geiss & Sperl - Feedback (projectM idle HDR mix).milk
[PresetFactory] Filename is URL: idle://Geiss & Sperl - Feedback (projectM idle HDR mix).milk
[PresetFactory] Filename is URL: idle://Geiss & Sperl - Feedback (projectM idle HDR mix).milk
[PresetFactory] Filename is URL: idle://Geiss & Sperl - Feedback (projectM idle HDR mix).milk
[PresetFactory] Filename is URL: idle://Geiss & Sperl - Feedback (projectM idle HDR mix).milk
[       OK ] MilkdropPresetFailureEventTest.EveryCodeBlockIsLeftOutSeparately (639 ms)
[ RUN      ] MilkdropPresetFailureEventTest.ValidPresetsHaveNoWarnings
[PresetFactory] Filename is URL: idle://Geiss & Sperl - Feedback (projectM idle HDR mix).milk
[       OK ] MilkdropPresetFailureEventTest.ValidPresetsHaveNoWarnings (70 ms)
[ RUN      ] MilkdropPresetFailureEventTest.MissingPresetFileReportsPathAndParseReason
[PresetFactory] Filename is URL: idle://Geiss & Sperl - Feedback (projectM idle HDR mix).milk
[       OK ] MilkdropPresetFailureEventTest.MissingPresetFileReportsPathAndParseReason (68 ms)
[----------] 5 tests from MilkdropPresetFailureEventTest (916 ms total)

[----------] 5 tests from PerFrameRecordCompatibility
[ RUN      ] PerFrameRecordCompatibility.JoinsIdentifierSplitAcrossRecords
[       OK ] PerFrameRecordCompatibility.JoinsIdentifierSplitAcrossRecords (0 ms)
[ RUN      ] PerFrameRecordCompatibility.RemovesLineCommentsBeforeJoiningRecords
[       OK ] PerFrameRecordCompatibility.RemovesLineCommentsBeforeJoiningRecords (0 ms)
[ RUN      ] PerFrameRecordCompatibility.SupportsLegacyBackslashComments
[       OK ] PerFrameRecordCompatibility.SupportsLegacyBackslashComments (0 ms)
[ RUN      ] PerFrameRecordCompatibility.KeepsAcceptedBlockCommentsOnOriginalPath
 // marker [       OK ] PerFrameRecordCompatibility.KeepsAcceptedBlockCommentsOnOriginalPath (0 ms)
[ RUN      ] PerFrameRecordCompatibility.InvalidExpressionStillReportsFailure
[       OK ] PerFrameRecordCompatibility.InvalidExpressionStillReportsFailure (0 ms)
[----------] 5 tests from PerFrameRecordCompatibility (0 ms total)

[----------] 5 tests from LegacyEquationCode
[ RUN      ] LegacyEquationCode.JoinsSplitIdentifiersAndNumbers
[       OK ] LegacyEquationCode.JoinsSplitIdentifiersAndNumbers (0 ms)
[ RUN      ] LegacyEquationCode.StripsBothLineCommentFormsPerRecord
[       OK ] LegacyEquationCode.StripsBothLineCommentFormsPerRecord (0 ms)
[ RUN      ] LegacyEquationCode.TreatsCarriageReturnsAsRecordSeparators
[       OK ] LegacyEquationCode.TreatsCarriageReturnsAsRecordSeparators (0 ms)
[ RUN      ] LegacyEquationCode.KeepsEmptyRecordsAndCodeWithoutChangesIntact
[       OK ] LegacyEquationCode.KeepsEmptyRecordsAndCodeWithoutChangesIntact (0 ms)
[ RUN      ] LegacyEquationCode.ReplacesSemicolonsInParenthesesWithoutFollowingOperand
[       OK ] LegacyEquationCode.ReplacesSemicolonsInParenthesesWithoutFollowingOperand (0 ms)
[----------] 5 tests from LegacyEquationCode (0 ms total)

[----------] 3 tests from EquationContext
[ RUN      ] EquationContext.AcceptedProgramsCompileUnchanged
[       OK ] EquationContext.AcceptedProgramsCompileUnchanged (0 ms)
[ RUN      ] EquationContext.RejectedProgramsUseTheLegacyForm
[       OK ] EquationContext.RejectedProgramsUseTheLegacyForm (0 ms)
[ RUN      ] EquationContext.InvalidProgramsReportTheOriginalLineAndColumn
[       OK ] EquationContext.InvalidProgramsReportTheOriginalLineAndColumn (0 ms)
[----------] 3 tests from EquationContext (0 ms total)

[----------] 3 tests from EquationPhases
[ RUN      ] EquationPhases.PerFrameCodeJoinsRecords
[       OK ] EquationPhases.PerFrameCodeJoinsRecords (0 ms)
[ RUN      ] EquationPhases.PerPixelCodeJoinsRecords
[       OK ] EquationPhases.PerPixelCodeJoinsRecords (0 ms)
[ RUN      ] EquationPhases.InvalidPerPixelCodeKeepsItsDiagnostic
[       OK ] EquationPhases.InvalidPerPixelCodeKeepsItsDiagnostic (0 ms)
[----------] 3 tests from EquationPhases (0 ms total)

[----------] 2 tests from EquationPhaseLoad
[ RUN      ] EquationPhaseLoad.SplitRecordsLoadInEveryPhase
[PresetFactory] Filename is URL: idle://Geiss & Sperl - Feedback (projectM idle HDR mix).milk
[PresetFactory] Filename is URL: idle://Geiss & Sperl - Feedback (projectM idle HDR mix).milk
[PresetFactory] Filename is URL: idle://Geiss & Sperl - Feedback (projectM idle HDR mix).milk
[PresetFactory] Filename is URL: idle://Geiss & Sperl - Feedback (projectM idle HDR mix).milk
[PresetFactory] Filename is URL: idle://Geiss & Sperl - Feedback (projectM idle HDR mix).milk
[PresetFactory] Filename is URL: idle://Geiss & Sperl - Feedback (projectM idle HDR mix).milk
[PresetFactory] Filename is URL: idle://Geiss & Sperl - Feedback (projectM idle HDR mix).milk
[PresetFactory] Filename is URL: idle://Geiss & Sperl - Feedback (projectM idle HDR mix).milk
[       OK ] EquationPhaseLoad.SplitRecordsLoadInEveryPhase (576 ms)
[ RUN      ] EquationPhaseLoad.DisabledComponentsAreCompiledToo
[PresetFactory] Filename is URL: idle://Geiss & Sperl - Feedback (projectM idle HDR mix).milk
[PresetFactory] Filename is URL: idle://Geiss & Sperl - Feedback (projectM idle HDR mix).milk
[       OK ] EquationPhaseLoad.DisabledComponentsAreCompiledToo (136 ms)
[----------] 2 tests from EquationPhaseLoad (713 ms total)

[----------] 3 tests from EvaluatorLoneDot
[ RUN      ] EvaluatorLoneDot.LoneDotIsZero
[       OK ] EvaluatorLoneDot.LoneDotIsZero (0 ms)
[ RUN      ] EvaluatorLoneDot.OtherNumbersAreUnchanged
[       OK ] EvaluatorLoneDot.OtherNumbersAreUnchanged (0 ms)
[ RUN      ] EvaluatorLoneDot.InvalidCodeStaysInvalid
[       OK ] EvaluatorLoneDot.InvalidCodeStaysInvalid (0 ms)
[----------] 3 tests from EvaluatorLoneDot (0 ms total)

[----------] 5 tests from ShaderFailureTest
[ RUN      ] ShaderFailureTest.VertexRejectionReleasesShader
[       OK ] ShaderFailureTest.VertexRejectionReleasesShader (1 ms)
[ RUN      ] ShaderFailureTest.FragmentRejectionReleasesBothShaders
[       OK ] ShaderFailureTest.FragmentRejectionReleasesBothShaders (1 ms)
[ RUN      ] ShaderFailureTest.LinkRejectionReleasesBothShaders
[       OK ] ShaderFailureTest.LinkRejectionReleasesBothShaders (1 ms)
[ RUN      ] ShaderFailureTest.RepeatedRejectedProgramsDoNotAccumulateShaders
[       OK ] ShaderFailureTest.RepeatedRejectedProgramsDoNotAccumulateShaders (4 ms)
[ RUN      ] ShaderFailureTest.RejectedProgramCanCompileAndBindSuccessfullyAfterRetry
[       OK ] ShaderFailureTest.RejectedProgramCanCompileAndBindSuccessfullyAfterRetry (2 ms)
[----------] 5 tests from ShaderFailureTest (12 ms total)

[----------] 9 tests from WarpSamplerTest
[ RUN      ] WarpSamplerTest.ExplicitModesIgnorePresetWrap
[PresetFactory] Filename is URL: idle://Geiss & Sperl - Feedback (projectM idle HDR mix).milk
[PresetFactory] Filename is URL: idle://Geiss & Sperl - Feedback (projectM idle HDR mix).milk
[PresetFactory] Filename is URL: idle://Geiss & Sperl - Feedback (projectM idle HDR mix).milk
[PresetFactory] Filename is URL: idle://Geiss & Sperl - Feedback (projectM idle HDR mix).milk
[PresetFactory] Filename is URL: idle://Geiss & Sperl - Feedback (projectM idle HDR mix).milk
[PresetFactory] Filename is URL: idle://Geiss & Sperl - Feedback (projectM idle HDR mix).milk
[PresetFactory] Filename is URL: idle://Geiss & Sperl - Feedback (projectM idle HDR mix).milk
[PresetFactory] Filename is URL: idle://Geiss & Sperl - Feedback (projectM idle HDR mix).milk
[PresetFactory] Filename is URL: idle://Geiss & Sperl - Feedback (projectM idle HDR mix).milk
[PresetFactory] Filename is URL: idle://Geiss & Sperl - Feedback (projectM idle HDR mix).milk
[PresetFactory] Filename is URL: idle://Geiss & Sperl - Feedback (projectM idle HDR mix).milk
[PresetFactory] Filename is URL: idle://Geiss & Sperl - Feedback (projectM idle HDR mix).milk
[PresetFactory] Filename is URL: idle://Geiss & Sperl - Feedback (projectM idle HDR mix).milk
[PresetFactory] Filename is URL: idle://Geiss & Sperl - Feedback (projectM idle HDR mix).milk
[PresetFactory] Filename is URL: idle://Geiss & Sperl - Feedback (projectM idle HDR mix).milk
[PresetFactory] Filename is URL: idle://Geiss & Sperl - Feedback (projectM idle HDR mix).milk
[       OK ] WarpSamplerTest.ExplicitModesIgnorePresetWrap (1281 ms)
[ RUN      ] WarpSamplerTest.EquivalentAliasesHaveIdenticalFilteringAndWrapping
[PresetFactory] Filename is URL: idle://Geiss & Sperl - Feedback (projectM idle HDR mix).milk
[PresetFactory] Filename is URL: idle://Geiss & Sperl - Feedback (projectM idle HDR mix).milk
[PresetFactory] Filename is URL: idle://Geiss & Sperl - Feedback (projectM idle HDR mix).milk
[PresetFactory] Filename is URL: idle://Geiss & Sperl - Feedback (projectM idle HDR mix).milk
[PresetFactory] Filename is URL: idle://Geiss & Sperl - Feedback (projectM idle HDR mix).milk
[PresetFactory] Filename is URL: idle://Geiss & Sperl - Feedback (projectM idle HDR mix).milk
[PresetFactory] Filename is URL: idle://Geiss & Sperl - Feedback (projectM idle HDR mix).milk
[PresetFactory] Filename is URL: idle://Geiss & Sperl - Feedback (projectM idle HDR mix).milk
[PresetFactory] Filename is URL: idle://Geiss & Sperl - Feedback (projectM idle HDR mix).milk
[PresetFactory] Filename is URL: idle://Geiss & Sperl - Feedback (projectM idle HDR mix).milk
[PresetFactory] Filename is URL: idle://Geiss & Sperl - Feedback (projectM idle HDR mix).milk
[PresetFactory] Filename is URL: idle://Geiss & Sperl - Feedback (projectM idle HDR mix).milk
[PresetFactory] Filename is URL: idle://Geiss & Sperl - Feedback (projectM idle HDR mix).milk
[PresetFactory] Filename is URL: idle://Geiss & Sperl - Feedback (projectM idle HDR mix).milk
[PresetFactory] Filename is URL: idle://Geiss & Sperl - Feedback (projectM idle HDR mix).milk
[PresetFactory] Filename is URL: idle://Geiss & Sperl - Feedback (projectM idle HDR mix).milk
[       OK ] WarpSamplerTest.EquivalentAliasesHaveIdenticalFilteringAndWrapping (1241 ms)
[ RUN      ] WarpSamplerTest.UnqualifiedMainHonorsPresetWrap
[PresetFactory] Filename is URL: idle://Geiss & Sperl - Feedback (projectM idle HDR mix).milk
[PresetFactory] Filename is URL: idle://Geiss & Sperl - Feedback (projectM idle HDR mix).milk
[PresetFactory] Filename is URL: idle://Geiss & Sperl - Feedback (projectM idle HDR mix).milk
[PresetFactory] Filename is URL: idle://Geiss & Sperl - Feedback (projectM idle HDR mix).milk
[PresetFactory] Filename is URL: idle://Geiss & Sperl - Feedback (projectM idle HDR mix).milk
[       OK ] WarpSamplerTest.UnqualifiedMainHonorsPresetWrap (402 ms)
[ RUN      ] WarpSamplerTest.MixedMainAndExplicitClampMatchIndependentReferences
[PresetFactory] Filename is URL: idle://Geiss & Sperl - Feedback (projectM idle HDR mix).milk
[PresetFactory] Filename is URL: idle://Geiss & Sperl - Feedback (projectM idle HDR mix).milk
[PresetFactory] Filename is URL: idle://Geiss & Sperl - Feedback (projectM idle HDR mix).milk
[PresetFactory] Filename is URL: idle://Geiss & Sperl - Feedback (projectM idle HDR mix).milk
[PresetFactory] Filename is URL: idle://Geiss & Sperl - Feedback (projectM idle HDR mix).milk
[PresetFactory] Filename is URL: idle://Geiss & Sperl - Feedback (projectM idle HDR mix).milk
[       OK ] WarpSamplerTest.MixedMainAndExplicitClampMatchIndependentReferences (469 ms)
[ RUN      ] WarpSamplerTest.CompositeModesIgnorePresetWrap
[PresetFactory] Filename is URL: idle://Geiss & Sperl - Feedback (projectM idle HDR mix).milk
[PresetFactory] Filename is URL: idle://Geiss & Sperl - Feedback (projectM idle HDR mix).milk
[PresetFactory] Filename is URL: idle://Geiss & Sperl - Feedback (projectM idle HDR mix).milk
[PresetFactory] Filename is URL: idle://Geiss & Sperl - Feedback (projectM idle HDR mix).milk
[PresetFactory] Filename is URL: idle://Geiss & Sperl - Feedback (projectM idle HDR mix).milk
[PresetFactory] Filename is URL: idle://Geiss & Sperl - Feedback (projectM idle HDR mix).milk
[PresetFactory] Filename is URL: idle://Geiss & Sperl - Feedback (projectM idle HDR mix).milk
[PresetFactory] Filename is URL: idle://Geiss & Sperl - Feedback (projectM idle HDR mix).milk
[PresetFactory] Filename is URL: idle://Geiss & Sperl - Feedback (projectM idle HDR mix).milk
[PresetFactory] Filename is URL: idle://Geiss & Sperl - Feedback (projectM idle HDR mix).milk
[PresetFactory] Filename is URL: idle://Geiss & Sperl - Feedback (projectM idle HDR mix).milk
[PresetFactory] Filename is URL: idle://Geiss & Sperl - Feedback (projectM idle HDR mix).milk
[PresetFactory] Filename is URL: idle://Geiss & Sperl - Feedback (projectM idle HDR mix).milk
[PresetFactory] Filename is URL: idle://Geiss & Sperl - Feedback (projectM idle HDR mix).milk
[PresetFactory] Filename is URL: idle://Geiss & Sperl - Feedback (projectM idle HDR mix).milk
[PresetFactory] Filename is URL: idle://Geiss & Sperl - Feedback (projectM idle HDR mix).milk
[       OK ] WarpSamplerTest.CompositeModesIgnorePresetWrap (1276 ms)
[ RUN      ] WarpSamplerTest.DefaultWarpMatchesUnqualifiedPassThrough
[PresetFactory] Filename is URL: idle://Geiss & Sperl - Feedback (projectM idle HDR mix).milk
[PresetFactory] Filename is URL: idle://Geiss & Sperl - Feedback (projectM idle HDR mix).milk
[PresetFactory] Filename is URL: idle://Geiss & Sperl - Feedback (projectM idle HDR mix).milk
[PresetFactory] Filename is URL: idle://Geiss & Sperl - Feedback (projectM idle HDR mix).milk
[       OK ] WarpSamplerTest.DefaultWarpMatchesUnqualifiedPassThrough (312 ms)
[ RUN      ] WarpSamplerTest.PackedPointStateSurvivesMixedFeedbackAboveReference
[PresetFactory] Filename is URL: idle://Geiss & Sperl - Feedback (projectM idle HDR mix).milk
[PresetFactory] Filename is URL: idle://Geiss & Sperl - Feedback (projectM idle HDR mix).milk
[PresetFactory] Filename is URL: idle://Geiss & Sperl - Feedback (projectM idle HDR mix).milk
[PresetFactory] Filename is URL: idle://Geiss & Sperl - Feedback (projectM idle HDR mix).milk
[PresetFactory] Filename is URL: idle://Geiss & Sperl - Feedback (projectM idle HDR mix).milk
[PresetFactory] Filename is URL: idle://Geiss & Sperl - Feedback (projectM idle HDR mix).milk
[PresetFactory] Filename is URL: idle://Geiss & Sperl - Feedback (projectM idle HDR mix).milk
[PresetFactory] Filename is URL: idle://Geiss & Sperl - Feedback (projectM idle HDR mix).milk
[PresetFactory] Filename is URL: idle://Geiss & Sperl - Feedback (projectM idle HDR mix).milk
[PresetFactory] Filename is URL: idle://Geiss & Sperl - Feedback (projectM idle HDR mix).milk
[PresetFactory] Filename is URL: idle://Geiss & Sperl - Feedback (projectM idle HDR mix).milk
[PresetFactory] Filename is URL: idle://Geiss & Sperl - Feedback (projectM idle HDR mix).milk
[PresetFactory] Filename is URL: idle://Geiss & Sperl - Feedback (projectM idle HDR mix).milk
[PresetFactory] Filename is URL: idle://Geiss & Sperl - Feedback (projectM idle HDR mix).milk
[PresetFactory] Filename is URL: idle://Geiss & Sperl - Feedback (projectM idle HDR mix).milk
[PresetFactory] Filename is URL: idle://Geiss & Sperl - Feedback (projectM idle HDR mix).milk
[       OK ] WarpSamplerTest.PackedPointStateSurvivesMixedFeedbackAboveReference (1325 ms)
[ RUN      ] WarpSamplerTest.MixedFeedbackKeepsPointStateAndFiltersBilinearRead
[PresetFactory] Filename is URL: idle://Geiss & Sperl - Feedback (projectM idle HDR mix).milk
[PresetFactory] Filename is URL: idle://Geiss & Sperl - Feedback (projectM idle HDR mix).milk
[       OK ] WarpSamplerTest.MixedFeedbackKeepsPointStateAndFiltersBilinearRead (159 ms)
[ RUN      ] WarpSamplerTest.MixedPointFeedbackIsUnchangedAtReferenceOrWithoutReference
[PresetFactory] Filename is URL: idle://Geiss & Sperl - Feedback (projectM idle HDR mix).milk
[PresetFactory] Filename is URL: idle://Geiss & Sperl - Feedback (projectM idle HDR mix).milk
[PresetFactory] Filename is URL: idle://Geiss & Sperl - Feedback (projectM idle HDR mix).milk
[PresetFactory] Filename is URL: idle://Geiss & Sperl - Feedback (projectM idle HDR mix).milk
[PresetFactory] Filename is URL: idle://Geiss & Sperl - Feedback (projectM idle HDR mix).milk
[PresetFactory] Filename is URL: idle://Geiss & Sperl - Feedback (projectM idle HDR mix).milk
[PresetFactory] Filename is URL: idle://Geiss & Sperl - Feedback (projectM idle HDR mix).milk
[PresetFactory] Filename is URL: idle://Geiss & Sperl - Feedback (projectM idle HDR mix).milk
[PresetFactory] Filename is URL: idle://Geiss & Sperl - Feedback (projectM idle HDR mix).milk
[PresetFactory] Filename is URL: idle://Geiss & Sperl - Feedback (projectM idle HDR mix).milk
[PresetFactory] Filename is URL: idle://Geiss & Sperl - Feedback (projectM idle HDR mix).milk
[PresetFactory] Filename is URL: idle://Geiss & Sperl - Feedback (projectM idle HDR mix).milk
[PresetFactory] Filename is URL: idle://Geiss & Sperl - Feedback (projectM idle HDR mix).milk
[PresetFactory] Filename is URL: idle://Geiss & Sperl - Feedback (projectM idle HDR mix).milk
[PresetFactory] Filename is URL: idle://Geiss & Sperl - Feedback (projectM idle HDR mix).milk
[PresetFactory] Filename is URL: idle://Geiss & Sperl - Feedback (projectM idle HDR mix).milk
[       OK ] WarpSamplerTest.MixedPointFeedbackIsUnchangedAtReferenceOrWithoutReference (1300 ms)
[----------] 9 tests from WarpSamplerTest (7769 ms total)

[----------] 31 tests from LineGeometry
[ RUN      ] LineGeometry.ScaleIsZeroWithoutReferenceOrViewport
[       OK ] LineGeometry.ScaleIsZeroWithoutReferenceOrViewport (0 ms)
[ RUN      ] LineGeometry.ScaleAtSixteenByNineFollowsTheHeight
[       OK ] LineGeometry.ScaleAtSixteenByNineFollowsTheHeight (0 ms)
[ RUN      ] LineGeometry.ScaleFollowsTheRenderArea
[       OK ] LineGeometry.ScaleFollowsTheRenderArea (0 ms)
[ RUN      ] LineGeometry.ScaleNeverDropsBelowOne
[       OK ] LineGeometry.ScaleNeverDropsBelowOne (0 ms)
[ RUN      ] LineGeometry.SampleDecisionWidthIsTheRenderWidthWithoutReference
[       OK ] LineGeometry.SampleDecisionWidthIsTheRenderWidthWithoutReference (0 ms)
[ RUN      ] LineGeometry.SampleDecisionWidthFollowsTheLineScale
[       OK ] LineGeometry.SampleDecisionWidthFollowsTheLineScale (0 ms)
[ RUN      ] LineGeometry.SampleDecisionWidthNeverExceedsTheRenderWidth
[       OK ] LineGeometry.SampleDecisionWidthNeverExceedsTheRenderWidth (0 ms)
[ RUN      ] LineGeometry.MaximizeColorsTextureSizeIsTheRenderSizeWithoutReference
[       OK ] LineGeometry.MaximizeColorsTextureSizeIsTheRenderSizeWithoutReference (0 ms)
[ RUN      ] LineGeometry.MaximizeColorsTextureSizeFollowsTheReferenceAboveIt
[       OK ] LineGeometry.MaximizeColorsTextureSizeFollowsTheReferenceAboveIt (0 ms)
[ RUN      ] LineGeometry.MaximizeColorsTextureSizeIsTheRenderSizeAtOrBelowTheReference
[       OK ] LineGeometry.MaximizeColorsTextureSizeIsTheRenderSizeAtOrBelowTheReference (0 ms)
[ RUN      ] LineGeometry.BlurSourceIsTheSourceWithoutScale
[       OK ] LineGeometry.BlurSourceIsTheSourceWithoutScale (0 ms)
[ RUN      ] LineGeometry.BlurSourceFollowsTheLineScale
[       OK ] LineGeometry.BlurSourceFollowsTheLineScale (0 ms)
[ RUN      ] LineGeometry.BlurSourceStaysWithinTheSource
[       OK ] LineGeometry.BlurSourceStaysWithinTheSource (0 ms)
[ RUN      ] LineGeometry.ShaderCanvasSizeIsTheRenderSizeWithoutScale
[       OK ] LineGeometry.ShaderCanvasSizeIsTheRenderSizeWithoutScale (0 ms)
[ RUN      ] LineGeometry.ShaderCanvasSizeFollowsTheReferenceAboveIt
[       OK ] LineGeometry.ShaderCanvasSizeFollowsTheReferenceAboveIt (0 ms)
[ RUN      ] LineGeometry.ShaderCanvasSizeStaysWithinTheRender
[       OK ] LineGeometry.ShaderCanvasSizeStaysWithinTheRender (0 ms)
[ RUN      ] LineGeometry.ThinLinesAreOnePixelAtReference
[       OK ] LineGeometry.ThinLinesAreOnePixelAtReference (0 ms)
[ RUN      ] LineGeometry.MainWaveThickIsFourOffsetThinLines
[       OK ] LineGeometry.MainWaveThickIsFourOffsetThinLines (0 ms)
[ RUN      ] LineGeometry.MainWaveThickOffsetsFollowTheViewport
[       OK ] LineGeometry.MainWaveThickOffsetsFollowTheViewport (0 ms)
[ RUN      ] LineGeometry.ThinLinesHaveNoPassOffset
[       OK ] LineGeometry.ThinLinesHaveNoPassOffset (0 ms)
[ RUN      ] LineGeometry.CustomWaveThickIsFourOffsetThinLines
[       OK ] LineGeometry.CustomWaveThickIsFourOffsetThinLines (0 ms)
[ RUN      ] LineGeometry.ShapeBorderThickIsFourOffsetThinLines
[       OK ] LineGeometry.ShapeBorderThickIsFourOffsetThinLines (0 ms)
[ RUN      ] LineGeometry.PassOffsetsScaleWithTheLines
[       OK ] LineGeometry.PassOffsetsScaleWithTheLines (0 ms)
[ RUN      ] LineGeometry.NoPassOffsetWithoutViewport
[       OK ] LineGeometry.NoPassOffsetWithoutViewport (0 ms)
[ RUN      ] LineGeometry.PassOffsetsFollowMilkDropsOrder
[       OK ] LineGeometry.PassOffsetsFollowMilkDropsOrder (0 ms)
[ RUN      ] LineGeometry.WidthScalesButPassesDoNot
[       OK ] LineGeometry.WidthScalesButPassesDoNot (0 ms)
[ RUN      ] LineGeometry.MotionVectorsIgnoreThick
[       OK ] LineGeometry.MotionVectorsIgnoreThick (0 ms)
[ RUN      ] LineGeometry.MainWaveDotsAreTwoPixelBlocks
[       OK ] LineGeometry.MainWaveDotsAreTwoPixelBlocks (0 ms)
[ RUN      ] LineGeometry.CustomWaveDotsAreTwoPixelsOnlyWhenThick
[       OK ] LineGeometry.CustomWaveDotsAreTwoPixelsOnlyWhenThick (0 ms)
[ RUN      ] LineGeometry.DotsBelowOnePixelFadeByArea
[       OK ] LineGeometry.DotsBelowOnePixelFadeByArea (0 ms)
[ RUN      ] LineGeometry.DotsRoundUpToWholePixelsAndFadeByArea
[       OK ] LineGeometry.DotsRoundUpToWholePixelsAndFadeByArea (0 ms)
[----------] 31 tests from LineGeometry (0 ms total)

[----------] 8 tests from LineBatch
[ RUN      ] LineBatch.OpenStripRepeatsItsEndPoints
[       OK ] LineBatch.OpenStripRepeatsItsEndPoints (0 ms)
[ RUN      ] LineBatch.LoopWrapsAround
[       OK ] LineBatch.LoopWrapsAround (0 ms)
[ RUN      ] LineBatch.TwoPointLoopHasTwoSegments
[       OK ] LineBatch.TwoPointLoopHasTwoSegments (0 ms)
[ RUN      ] LineBatch.FewerThanTwoPointsDrawNothing
[       OK ] LineBatch.FewerThanTwoPointsDrawNothing (0 ms)
[ RUN      ] LineBatch.StripsFollowEachOther
[       OK ] LineBatch.StripsFollowEachOther (0 ms)
[ RUN      ] LineBatch.LastInstanceReadsInsideItsStrip
[       OK ] LineBatch.LastInstanceReadsInsideItsStrip (0 ms)
[ RUN      ] LineBatch.KeepsColors
[       OK ] LineBatch.KeepsColors (0 ms)
[ RUN      ] LineBatch.ClearEmpties
[       OK ] LineBatch.ClearEmpties (0 ms)
[----------] 8 tests from LineBatch (0 ms total)

[----------] 2 tests from TextureStorageBytes
[ RUN      ] TextureStorageBytes.LevelZeroWithoutMipmaps
[       OK ] TextureStorageBytes.LevelZeroWithoutMipmaps (0 ms)
[ RUN      ] TextureStorageBytes.MipChainDownToOnePixel
[       OK ] TextureStorageBytes.MipChainDownToOnePixel (0 ms)
[----------] 2 tests from TextureStorageBytes (0 ms total)

[----------] 2 tests from TexturePoolTest
[ RUN      ] TexturePoolTest.CountsGeneratedMipLevels
[       OK ] TexturePoolTest.CountsGeneratedMipLevels (4 ms)
[ RUN      ] TexturePoolTest.LimitIncludesMipLevels
[       OK ] TexturePoolTest.LimitIncludesMipLevels (5 ms)
[----------] 2 tests from TexturePoolTest (9 ms total)

[----------] 5 tests from TextureHistoryTest
[ RUN      ] TextureHistoryTest.FreshColorHistoryIsTransparentBlackBeforeFirstRender
[       OK ] TextureHistoryTest.FreshColorHistoryIsTransparentBlackBeforeFirstRender (4 ms)
[ RUN      ] TextureHistoryTest.FreshClearPreservesFramebufferAndRasterState
[       OK ] TextureHistoryTest.FreshClearPreservesFramebufferAndRasterState (4 ms)
[ RUN      ] TextureHistoryTest.ClearingDisplayDoesNotReplaceInternalHistoryInitialization
[       OK ] TextureHistoryTest.ClearingDisplayDoesNotReplaceInternalHistoryInitialization (4 ms)
[ RUN      ] TextureHistoryTest.PooledHistoryRetainsExistingTransparentBlackContract
[       OK ] TextureHistoryTest.PooledHistoryRetainsExistingTransparentBlackContract (9 ms)
[ RUN      ] TextureHistoryTest.RecreatedContextDoesNotClearForeignFramebufferWithReusedName
[       OK ] TextureHistoryTest.RecreatedContextDoesNotClearForeignFramebufferWithReusedName (9 ms)
[----------] 5 tests from TextureHistoryTest (32 ms total)

[----------] 1 test from projectMWaveformAligner
[ RUN      ] projectMWaveformAligner.AlignDelta
[       OK ] projectMWaveformAligner.AlignDelta (2 ms)
[----------] 1 test from projectMWaveformAligner (2 ms total)

[----------] 22 tests from PresetFileParser
[ RUN      ] PresetFileParser.ReadEmptyFile
[       OK ] PresetFileParser.ReadEmptyFile (0 ms)
[ RUN      ] PresetFileParser.ReadFileWithNullByte
[       OK ] PresetFileParser.ReadFileWithNullByte (0 ms)
[ RUN      ] PresetFileParser.ReadSimpleFile
[       OK ] PresetFileParser.ReadSimpleFile (0 ms)
[ RUN      ] PresetFileParser.GetRawPresetValues
[       OK ] PresetFileParser.GetRawPresetValues (0 ms)
[ RUN      ] PresetFileParser.EmptyValue
[       OK ] PresetFileParser.EmptyValue (0 ms)
[ RUN      ] PresetFileParser.EmptyKey
[       OK ] PresetFileParser.EmptyKey (0 ms)
[ RUN      ] PresetFileParser.ValueWithSpaceDelimiter
[       OK ] PresetFileParser.ValueWithSpaceDelimiter (0 ms)
[ RUN      ] PresetFileParser.ReadFileWithRepeatedKey
[       OK ] PresetFileParser.ReadFileWithRepeatedKey (0 ms)
[ RUN      ] PresetFileParser.GetCode
[       OK ] PresetFileParser.GetCode (0 ms)
[ RUN      ] PresetFileParser.GetCodeWithGap
[       OK ] PresetFileParser.GetCodeWithGap (0 ms)
[ RUN      ] PresetFileParser.GetCodeWithRepeatedLine
[       OK ] PresetFileParser.GetCodeWithRepeatedLine (0 ms)
[ RUN      ] PresetFileParser.GetCodeMultilineComment
[       OK ] PresetFileParser.GetCodeMultilineComment (0 ms)
[ RUN      ] PresetFileParser.GetCodeShaderSyntax
[       OK ] PresetFileParser.GetCodeShaderSyntax (0 ms)
[ RUN      ] PresetFileParser.GetIntValid
[       OK ] PresetFileParser.GetIntValid (0 ms)
[ RUN      ] PresetFileParser.GetIntInvalid
[       OK ] PresetFileParser.GetIntInvalid (0 ms)
[ RUN      ] PresetFileParser.GetIntDefault
[       OK ] PresetFileParser.GetIntDefault (0 ms)
[ RUN      ] PresetFileParser.GetFloatValid
[       OK ] PresetFileParser.GetFloatValid (0 ms)
[ RUN      ] PresetFileParser.GetFloatInvalid
[       OK ] PresetFileParser.GetFloatInvalid (0 ms)
[ RUN      ] PresetFileParser.GetFloatDefault
[       OK ] PresetFileParser.GetFloatDefault (0 ms)
[ RUN      ] PresetFileParser.GetBooleanValid
[       OK ] PresetFileParser.GetBooleanValid (0 ms)
[ RUN      ] PresetFileParser.GetBooleanInvalid
[       OK ] PresetFileParser.GetBooleanInvalid (0 ms)
[ RUN      ] PresetFileParser.GetBooleanDefault
[       OK ] PresetFileParser.GetBooleanDefault (0 ms)
[----------] 22 tests from PresetFileParser (2 ms total)

[----------] 15 tests from StripComments
[ RUN      ] StripComments.PreservesCodeWithNoComments
[       OK ] StripComments.PreservesCodeWithNoComments (0 ms)
[ RUN      ] StripComments.StripsLineComment
[       OK ] StripComments.StripsLineComment (0 ms)
[ RUN      ] StripComments.StripsLineCommentNoSpace
[       OK ] StripComments.StripsLineCommentNoSpace (0 ms)
[ RUN      ] StripComments.StripsBlockComment
[       OK ] StripComments.StripsBlockComment (0 ms)
[ RUN      ] StripComments.StripsMultiLineBlockComment
[       OK ] StripComments.StripsMultiLineBlockComment (0 ms)
[ RUN      ] StripComments.PreservesNewlinesInBlockComment
[       OK ] StripComments.PreservesNewlinesInBlockComment (0 ms)
[ RUN      ] StripComments.EmptyString
[       OK ] StripComments.EmptyString (0 ms)
[ RUN      ] StripComments.UnterminatedBlockComment
[       OK ] StripComments.UnterminatedBlockComment (0 ms)
[ RUN      ] StripComments.PreservesStringLength
[       OK ] StripComments.PreservesStringLength (0 ms)
[ RUN      ] StripComments.LineCommentAtEndOfFileNoNewline
[       OK ] StripComments.LineCommentAtEndOfFileNoNewline (0 ms)
[ RUN      ] StripComments.NestedSlashesInsideBlockComment
[       OK ] StripComments.NestedSlashesInsideBlockComment (0 ms)
[ RUN      ] StripComments.SlashStarInsideLineComment
[       OK ] StripComments.SlashStarInsideLineComment (0 ms)
[ RUN      ] StripComments.ConsecutiveComments
[       OK ] StripComments.ConsecutiveComments (0 ms)
[ RUN      ] StripComments.AdjacentBlockComments
[       OK ] StripComments.AdjacentBlockComments (0 ms)
[ RUN      ] StripComments.SingleSlashNotComment
[       OK ] StripComments.SingleSlashNotComment (0 ms)
[----------] 15 tests from StripComments (0 ms total)

[----------] 17 tests from SamplerParsing
[ RUN      ] SamplerParsing.FindsUncommentedSampler
[       OK ] SamplerParsing.FindsUncommentedSampler (0 ms)
[ RUN      ] SamplerParsing.IgnoresLineCommentedSampler
[       OK ] SamplerParsing.IgnoresLineCommentedSampler (0 ms)
[ RUN      ] SamplerParsing.NoSpaceAfterSlashesStillCommented
[       OK ] SamplerParsing.NoSpaceAfterSlashesStillCommented (0 ms)
[ RUN      ] SamplerParsing.IgnoresBlockCommentedSampler
[       OK ] SamplerParsing.IgnoresBlockCommentedSampler (0 ms)
[ RUN      ] SamplerParsing.BlockCommentSpansMultipleLines
[       OK ] SamplerParsing.BlockCommentSpansMultipleLines (0 ms)
[ RUN      ] SamplerParsing.SamplerAfterBlockCommentCloseIsFound
[       OK ] SamplerParsing.SamplerAfterBlockCommentCloseIsFound (0 ms)
[ RUN      ] SamplerParsing.IgnoresLineCommentedTexsize
[       OK ] SamplerParsing.IgnoresLineCommentedTexsize (0 ms)
[ RUN      ] SamplerParsing.IgnoresBlockCommentedTexsize
[       OK ] SamplerParsing.IgnoresBlockCommentedTexsize (0 ms)
[ RUN      ] SamplerParsing.TexsizeInBlockCommentSamplerOutside
[       OK ] SamplerParsing.TexsizeInBlockCommentSamplerOutside (0 ms)
[ RUN      ] SamplerParsing.MixedCommentedAndUncommented
[       OK ] SamplerParsing.MixedCommentedAndUncommented (0 ms)
[ RUN      ] SamplerParsing.SkipsSamplerState
[       OK ] SamplerParsing.SkipsSamplerState (0 ms)
[ RUN      ] SamplerParsing.UnspacedSamplerStateAssignmentKeepsTheName
[       OK ] SamplerParsing.UnspacedSamplerStateAssignmentKeepsTheName (0 ms)
[ RUN      ] SamplerParsing.CommentedSamplerStateNotExtracted
[       OK ] SamplerParsing.CommentedSamplerStateNotExtracted (0 ms)
[ RUN      ] SamplerParsing.EmptyProgram
[       OK ] SamplerParsing.EmptyProgram (0 ms)
[ RUN      ] SamplerParsing.ReproducesCrashPresetPattern
[       OK ] SamplerParsing.ReproducesCrashPresetPattern (0 ms)
[ RUN      ] SamplerParsing.MultipleSamplersOnSameLinePartiallyCommented
[       OK ] SamplerParsing.MultipleSamplersOnSameLinePartiallyCommented (0 ms)
[ RUN      ] SamplerParsing.SamplerInsideBlockCommentWithCodeOnSameLine
[       OK ] SamplerParsing.SamplerInsideBlockCommentWithCodeOnSameLine (0 ms)
[----------] 17 tests from SamplerParsing (0 ms total)

[----------] 12 tests from BlurDetection
[ RUN      ] BlurDetection.NoBlur
[       OK ] BlurDetection.NoBlur (0 ms)
[ RUN      ] BlurDetection.DetectsBlur1
[       OK ] BlurDetection.DetectsBlur1 (0 ms)
[ RUN      ] BlurDetection.DetectsBlur2
[       OK ] BlurDetection.DetectsBlur2 (0 ms)
[ RUN      ] BlurDetection.DetectsBlur3
[       OK ] BlurDetection.DetectsBlur3 (0 ms)
[ RUN      ] BlurDetection.Blur3TakesPrecedenceOverBlur1
[       OK ] BlurDetection.Blur3TakesPrecedenceOverBlur1 (0 ms)
[ RUN      ] BlurDetection.IgnoresBlur1InLineComment
[       OK ] BlurDetection.IgnoresBlur1InLineComment (0 ms)
[ RUN      ] BlurDetection.IgnoresBlur2InLineComment
[       OK ] BlurDetection.IgnoresBlur2InLineComment (0 ms)
[ RUN      ] BlurDetection.IgnoresBlur3InLineComment
[       OK ] BlurDetection.IgnoresBlur3InLineComment (0 ms)
[ RUN      ] BlurDetection.IgnoresBlurInBlockComment
[       OK ] BlurDetection.IgnoresBlurInBlockComment (0 ms)
[ RUN      ] BlurDetection.CommentedBlur3RealBlur1
[       OK ] BlurDetection.CommentedBlur3RealBlur1 (0 ms)
[ RUN      ] BlurDetection.BlockCommentedBlur2RealBlur1
[       OK ] BlurDetection.BlockCommentedBlur2RealBlur1 (0 ms)
[ RUN      ] BlurDetection.AllBlurLevelsCommentedOut
[       OK ] BlurDetection.AllBlurLevelsCommentedOut (0 ms)
[----------] 12 tests from BlurDetection (0 ms total)

[----------] 6 tests from SamplerStateRemoval
[ RUN      ] SamplerStateRemoval.RemovesRealSamplerState
[       OK ] SamplerStateRemoval.RemovesRealSamplerState (0 ms)
[ RUN      ] SamplerStateRemoval.SkipsLineCommentedSamplerState
[       OK ] SamplerStateRemoval.SkipsLineCommentedSamplerState (0 ms)
[ RUN      ] SamplerStateRemoval.SkipsBlockCommentedSamplerState
[       OK ] SamplerStateRemoval.SkipsBlockCommentedSamplerState (0 ms)
[ RUN      ] SamplerStateRemoval.RemovesRealButSkipsCommented
[       OK ] SamplerStateRemoval.RemovesRealButSkipsCommented (0 ms)
[ RUN      ] SamplerStateRemoval.MultipleRealSamplerStates
[       OK ] SamplerStateRemoval.MultipleRealSamplerStates (0 ms)
[ RUN      ] SamplerStateRemoval.NoSamplerState
[       OK ] SamplerStateRemoval.NoSamplerState (0 ms)
[----------] 6 tests from SamplerStateRemoval (0 ms total)

[----------] 5 tests from ShaderBodyFind
[ RUN      ] ShaderBodyFind.FindsRealShaderBody
[       OK ] ShaderBodyFind.FindsRealShaderBody (0 ms)
[ RUN      ] ShaderBodyFind.SkipsLineCommentedShaderBody
[       OK ] ShaderBodyFind.SkipsLineCommentedShaderBody (0 ms)
[ RUN      ] ShaderBodyFind.SkipsBlockCommentedShaderBody
[       OK ] ShaderBodyFind.SkipsBlockCommentedShaderBody (0 ms)
[ RUN      ] ShaderBodyFind.AllShaderBodiesCommented
[       OK ] ShaderBodyFind.AllShaderBodiesCommented (0 ms)
[ RUN      ] ShaderBodyFind.ShaderBodyAfterCodeAndComments
[       OK ] ShaderBodyFind.ShaderBodyAfterCodeAndComments (0 ms)
[----------] 5 tests from ShaderBodyFind (0 ms total)

[----------] 10 tests from BraceCounting
[ RUN      ] BraceCounting.SimpleNesting
[       OK ] BraceCounting.SimpleNesting (0 ms)
[ RUN      ] BraceCounting.SkipsBracesInLineComment
[       OK ] BraceCounting.SkipsBracesInLineComment (0 ms)
[ RUN      ] BraceCounting.SkipsBracesInBlockComment
[       OK ] BraceCounting.SkipsBracesInBlockComment (0 ms)
[ RUN      ] BraceCounting.NestedBracesWithBlockComment
[       OK ] BraceCounting.NestedBracesWithBlockComment (0 ms)
[ RUN      ] BraceCounting.MultipleLineComments
[       OK ] BraceCounting.MultipleLineComments (0 ms)
[ RUN      ] BraceCounting.MixedCommentTypes
[       OK ] BraceCounting.MixedCommentTypes (0 ms)
[ RUN      ] BraceCounting.BlockCommentSpanningMultipleLines
[       OK ] BraceCounting.BlockCommentSpanningMultipleLines (0 ms)
[ RUN      ] BraceCounting.SlashThatIsNotComment
[       OK ] BraceCounting.SlashThatIsNotComment (0 ms)
[ RUN      ] BraceCounting.LineCommentImmediatelyFollowedByBrace
[       OK ] BraceCounting.LineCommentImmediatelyFollowedByBrace (0 ms)
[ RUN      ] BraceCounting.BlockCommentContainingSlashSlash
[       OK ] BraceCounting.BlockCommentContainingSlashSlash (0 ms)
[----------] 10 tests from BraceCounting (0 ms total)

[----------] 6 tests from RegexSamplerRemoval
[ RUN      ] RegexSamplerRemoval.RemovesUncommentedDeclaration
[       OK ] RegexSamplerRemoval.RemovesUncommentedDeclaration (0 ms)
[ RUN      ] RegexSamplerRemoval.Removes3DDeclaration
[       OK ] RegexSamplerRemoval.Removes3DDeclaration (0 ms)
[ RUN      ] RegexSamplerRemoval.RemovesBareSamplerDeclaration
[       OK ] RegexSamplerRemoval.RemovesBareSamplerDeclaration (0 ms)
[ RUN      ] RegexSamplerRemoval.MatchesCommentedDeclaration
[       OK ] RegexSamplerRemoval.MatchesCommentedDeclaration (0 ms)
[ RUN      ] RegexSamplerRemoval.PreservesUnrelatedCode
[       OK ] RegexSamplerRemoval.PreservesUnrelatedCode (0 ms)
[ RUN      ] RegexSamplerRemoval.RemovesMultipleDeclarations
[       OK ] RegexSamplerRemoval.RemovesMultipleDeclarations (0 ms)
[----------] 6 tests from RegexSamplerRemoval (0 ms total)

[----------] 5 tests from RegexTexsizeRemoval
[ RUN      ] RegexTexsizeRemoval.RemovesUncommentedDeclaration
[       OK ] RegexTexsizeRemoval.RemovesUncommentedDeclaration (0 ms)
[ RUN      ] RegexTexsizeRemoval.MatchesCommentedDeclaration
[       OK ] RegexTexsizeRemoval.MatchesCommentedDeclaration (0 ms)
[ RUN      ] RegexTexsizeRemoval.PreservesUnrelatedCode
[       OK ] RegexTexsizeRemoval.PreservesUnrelatedCode (0 ms)
[ RUN      ] RegexTexsizeRemoval.DoesNotMatchFloat3
[       OK ] RegexTexsizeRemoval.DoesNotMatchFloat3 (0 ms)
[ RUN      ] RegexTexsizeRemoval.RemovesMultipleDeclarations
[       OK ] RegexTexsizeRemoval.RemovesMultipleDeclarations (0 ms)
[----------] 5 tests from RegexTexsizeRemoval (0 ms total)

[----------] Global test environment tear-down
[==========] 261 tests from 33 test suites ran. (18569 ms total)
[  PASSED  ] 261 tests.
